✔ 未公開重大技は合法な習得技だけを含み、公開4技・ちょうはつ・PP・固定技を尊重する (466.8473ms)
✔ 重大技の仮説は公開技を残す4技のコピーで、既存の構成を書き換えない (31.6812ms)
✔ 未公開の致命傷は独立した破綻として検出し、まもるで軽減する (46.1811ms)
✔ まもるは相手の積み技を止めず、攻撃して削る利益も比較する (45.528ms)
✔ 効果のない状態異常と即時解除された状態異常は重大技に数えない (64.2756ms)
✔ 先手の眠りはこのターンの攻撃を止め、遅い眠りでも直後の状態を残す (29.681ms)
✔ 設置はまもるを越え、低HPの控えが入場できなくなる不利を検出する (51.2653ms)
✔ ほえるは控えのない相手・きゅうばんへは効かず、まもるでも止められない (33.1596ms)
✔ 自主交代はこのターンの攻撃と入場ダメージを受け、無効特性の有効な逃げ先を区別する (26.4949ms)
✔ 重大技の評価は公開状態・構成・requestを変更せず、私有相手情報も読まない (29.0543ms)
✔ 平均とは別の重大な未公開攻撃だけで、明確に安全なまもるへ変更する (795.3698ms)
✔ 小さな不利と通常スコアの大きな利益は、未公開技だけで攻撃を捨てない (703.2849ms)
✔ 先手・必中・確定KOの攻撃は重大技の評価で捨てず、タスキや同速は確定扱いしない (321.2966ms)
✔ 連続まもるの失敗率とチャンピオンズのふかしのこぶしを別枠の比較でも反映する (65.0332ms)
✔ 局面修正 p1: ちょうはつ・やどりぎ・あくびの公開済み状態への再使用は失敗する (39.0912ms)
✔ 局面修正 p1: こんじょうのやけどは主効果・追加効果とも不利益を計算する (35.0952ms)
✔ 局面修正 p1: ねごとは失敗を0とし、成功する有害な持ち物交換は平均から減点する (59.252ms)
✔ 局面修正 p2: ちょうはつ・やどりぎ・あくびの公開済み状態への再使用は失敗する (34.2567ms)
✔ 局面修正 p2: こんじょうのやけどは主効果・追加効果とも不利益を計算する (60.2775ms)
✔ 局面修正 p2: ねごとは失敗を0とし、成功する有害な持ち物交換は平均から減点する (159.2274ms)
✔ 局面修正: メンタルハーブで即解除されるちょうはつには利益を付けない (64.1837ms)
✔ 局面修正: やけどは物理型・特殊型・回復特性・治癒きのみを区別する (197.4689ms)
✔ 局面修正: まひは相手の速度・攻撃の機会と、はやあしを反映する (79.6617ms)
✔ 局面修正: 氷のいない対面の雪は0、相手だけの氷防御上昇は不利益になる (200.2781ms)
✔ 局面修正: 相手だけが砂無効かつ岩の特防上昇を得ると砂嵐を減点する (59.7611ms)
✔ 局面修正: 砂の無効化・すなかき・控えの氷タイプも天候評価に入る (145.8905ms)
✔ 局面修正: ニードルガードの接触ダメージ・トーチカのどくをまもると区別する (366.9045ms)
✔ 局面修正 p1: 連続成功で1/3・1/9、失敗・別技・交代でまもる成功率が戻る (151.078ms)
✔ 局面修正 p2: 連続成功で1/3・1/9、失敗・別技・交代でまもる成功率が戻る (132.9151ms)
✔ 局面修正: ふかしのこぶしはChampionsの貫通後の軽減を評価し、フェイントには回避利益を付けない (111.3621ms)
✔ 局面修正: トーチカでポイズンヒールを与える不利益・優先度・相手の行動不能を反映する (78.0607ms)
✔ 局面修正: 新しい評価は公開状態・自分の要求を変えず、相手の非公開情報にも依存しない (127.4199ms)
✔ 評価修正: アンコール・かなしばりは直前技なし・PP切れ・禁止技・重複で失敗する (122.2853ms)
✔ 評価修正: アンコール・かなしばりは相手が先に使う技とPP消費を反映する (78.7211ms)
✔ 評価修正: 技制限の価値は封じる攻撃に応じ、効果を防ぐ特性は実エンジンと一致する (92.0914ms)
✔ 評価修正: トリック・すりかえは火力・回復・技構成による交換の利益と不利益を区別する (87.8019ms)
✔ 評価修正: 持ち物交換は両者アイテムなし・ねんちゃく・メガストーンで失敗する (38.5004ms)
✔ 評価修正: 交換で得る回復・有害アイテムを双方のHPとタイプに応じて評価する (33.3638ms)
✔ 評価修正: おいかぜ後も遅い場合・既に先手の場合・先制技の優先度差には加点しない (30.9619ms)
✔ 評価修正: おいかぜで速度関係を逆転する利益とトリックルームでの不利益を区別する (28.3533ms)
✔ 評価修正: ほのおのまいの50%上昇と命中・行動順・ランク上限を追加効果へ反映する (58.5727ms)
✔ 評価修正: チャージビームの70%上昇は命中率・無効・ちからずく・マントも区別する (61.7721ms)
✔ 評価修正: 未公開かちきの候補でも能力下降の危険を評価し、公開後は候補を確定する (51.5286ms)
✔ 評価修正: 候補ごとの持ち物交換は予測の重みで平均し、公開情報・request・実戦の秘密を変更しない (304.059ms)
✔ 評価修正: 技制限もいたずらごころの悪タイプ無効とサイコフィールドを守る (46.9255ms)
✔ 評価修正: メンタルハーブが解除する技制限とプレッシャーで使い切るPPを反映する (69.9802ms)
✔ 評価修正: p2側の技制限・持ち物交換も自分と相手の公開状態を取り違えない (37.3039ms)
✔ 能力下降はエンジンの無効・反射・反転・反応と上限を反映する (71.8566ms)
✔ 追加能力下降もミラーアーマーの反射を減点し無効なら加点しない (60.5636ms)
✔ 能力変化は技構成に応じた与ダメージ・被ダメージで評価する (54.4741ms)
✔ 能力コピー・リセット・反転は自分への不利益も含める (44.3301ms)
✔ 攻撃の主効果である能力リセットと自己下降を評価する (39.6147ms)
✔ 除去技は自分側と相手側の設置技の損益を区別する (109.2842ms)
✔ 交代技は控えなしで加点せず有利な控えへの移動を評価する (66.6404ms)
✔ いかくの反射とまけんきは交代後の実際の能力に反映する (27.8ms)
✔ 素早さ上昇の価値は先手への逆転・先制技・トリックルームを区別する (39.3252ms)
✔ ランダム追加状態異常は全候補の成功率を平均しタイプ無効を反映する (121.6163ms)
✔ はらだいこ・きあいだめ・混乱も実際の効果とHP代償を評価する (81.6562ms)
✔ つぼをつくは上げられる各能力の評価を平均し毎回同じ結果を返す (128.4837ms)
✔ 攻撃に伴う設置とやけど治癒も主ダメージと別に評価する (81.6805ms)
✔ 効果評価は公開状態・自分のrequest・実戦バトルを書き換えない (64.2099ms)
✔ いやしのすずは控えの状態異常と防音特性を区別する (61.3618ms)
✔ 設置技の除去はブーツを履いた本人以外の控えにも利益がある (121.0343ms)
✔ 強制交代は控えなし・瀕死・きゅうばんでは成功扱いしない (116.2115ms)
✔ p2の能力変化・除去評価も双方の公開状態を正しく対応させる (59.5687ms)
✔ 未対応の変化技は一律10点を付けず理由を表示する (28.6135ms)
✔ 残件: シングルで使えない6技は未対応扱いせず失敗として除外する (27.8253ms)
✔ シングル設計: マスターの9技を形式別に制限し、有効な範囲技・相手対象技を維持する (24.5178ms)
✔ シングル設計: 日本語チーム変換とShowdownチーム検証の両方で登録を拒否する (40.5796ms)
✔ シングル設計: 禁止技を選択候補から外し元の技スロット番号を保持する (245.1571ms)
✔ シングル設計: 公開履歴・既知技・構成予測の候補へ禁止技を混入させない (24.2644ms)
✔ シングル設計: ダブルの制限定義は保持するが未実装の対戦を開始しない (24.168ms)
✔ 残件: へんしんは公開4技・能力・ランクをコピーし変身済みとみがわりには失敗する (27.8254ms)
✔ 残件: うらみは最後の技の推定PPを削り、技履歴なしでは失敗する (28.4298ms)
✔ 残件: ロックオンは低命中技の次の命中を上げ、必中技のみでは加点しない (57.7062ms)
✔ 残件: しんぴのまもりは相手の状態異常技とすりぬけを区別する (47.9198ms)
✔ 残件: のみこむは公開されたたくわえの1・2・3回と実回復上限を使う (59.9093ms)
✔ 残件: いちゃもんとふういんは相手の使える攻撃を減らした分だけ評価する (33.5713ms)
✔ 残件: リサイクルは消費した物だけ回収し、奪われた持ち物は回収しない (64.7028ms)
✔ 残件: いやしのねがいは控えなしでは失敗し、本人の犠牲と控えの回復を比較する (62.5964ms)
✔ 残件: まねっこは直前の公開技を自分の能力で評価し禁止技を呼ばない (33.5946ms)
✔ 残件: ワイドガードは範囲技だけ、ファストガードは先制技だけ防ぐ (34.4762ms)
✔ 残件: いやしのはどうはシングルの相手を回復する不利益と回復上限を反映する (38.1652ms)
✔ 残件: そうでんは先手の対面変化を評価し、後手なら加点しない (27.4868ms)
✔ 残件: フェアリーロックとくらいつくは双方の交代を止める損益を比較する (34.8151ms)
✔ 残件: じばそうさはプラス・マイナスだけ防御を上げる (51.2ms)
✔ 残件: おちゃかいは双方のきのみの実効果と何も食べられない場合を区別する (44.7298ms)
✔ 残件: さいはいは相手の直前技をもう一度動かす不利益と禁止技を反映する (25.5119ms)
✔ 残件: 公開ログだけからPP使用・追加減少・消費品・たくわえ・ターン内上昇を保持する (20.3386ms)
✔ 残件: とどめばりは倒せた場合のみ上昇し、失敗・無効では加点しない (750.2575ms)
✔ 残件: かふんだんごはシングルの相手に攻撃し味方回復を加点しない (24.2329ms)
✔ 残件: シェルアームズは物理・特殊の選択が実行エンジンと一致する (27.1951ms)
✔ 残件: シェルアームズの物理側だけゴツゴツメットを考慮する (77.5121ms)
✔ 残件: しっとのほのおとみわくのボイスは公開された当ターン上昇で発動する (74.8575ms)
✔ 残件: 条件付き追加効果は先に動く相手の積み技とランク上限を考慮する (52.7014ms)
✔ 残件: ぶきみなじゅもんは最後の技のPP減少を評価しマント・履歴なしでは加点しない (43.2824ms)
✔ 残件: 31技の対応分類と実行評価は未対応の理由を返さない (213.5995ms)
✔ 残件: 新しい効果評価は相手の非公開技・PP・持ち物・能力を読み込まない (24.956ms)
✔ 残件: 公開PPが尽きた技を行動候補から除き、ヒメリの回復後は戻す (18.5792ms)
✔ 残件: 条件付き追加効果は相手の睡眠・まひによる行動不能も織り込む (42.0386ms)
✔ 残件: p2側でも消費品とたくわえを公開ログから評価する (30.2562ms)
✔ 相手のみがわりにはやどりぎ・状態異常を入れず、本体のKOと混同しない (27.6257ms)
✔ みがわりを貫通する音技・すりぬけと、自分対象の技は使える (46.7391ms)
✔ 連続技はみがわり破壊後の一撃から本体を削る (24.3066ms)
✔ みがわりが防いだ追加効果を加点せず、公開されていない残りHPを参照しない (46.0267ms)
✔ みがわりを攻撃した場合も自分への追加能力上昇は評価する (48.3333ms)
✔ 通常攻撃の命中・回避ランクをエンジンに合わせる (22.7086ms)
✔ かみなりの雨・晴れ、ノーガード、こうかくレンズ、ひかりのこなを反映する (35.7177ms)
✔ 変化技にも命中ランクとノーガードの補正を適用する (33.7189ms)
✔ ねむるは回復・状態異常の解除と、失敗する条件を評価する (26.1593ms)
✔ ねごとは睡眠時だけ、呼び出せる技と失敗する呼び出しの平均で評価する (23.3354ms)
✔ fakeout: 登場後の行動・行動不能・再登場を区別する (27.0937ms)
✔ firstimpression: 登場後の行動・行動不能・再登場を区別する (21.4302ms)
✔ p1: 選出が3匹判明した後は未選出を交代候補から除く (19.2379ms)
✔ p2: 選出が3匹判明した後は未選出を交代候補から除く (20.3112ms)
✔ いかさまダイスのトリプルアクセルは命中後3回、通常は途中で外れる (39.4464ms)
✔ いかさまダイスのネズミざんは4〜10回で、最小・最大がエンジンと一致する (29.3685ms)
✔ いかさまダイスの2〜5回技は4〜5回、スキルリンクなら5回になる (25.8249ms)
✔ waterabsorb: 命中前の特性で無効化し、かたやぶりなら通る (23.4545ms)
✔ flashfire: 命中前の特性で無効化し、かたやぶりなら通る (21.8261ms)
✔ voltabsorb: 命中前の特性で無効化し、かたやぶりなら通る (23.9952ms)
✔ levitate: 命中前の特性で無効化し、かたやぶりなら通る (21.9375ms)
✔ sapsipper: 命中前の特性で無効化し、かたやぶりなら通る (22.4129ms)
✔ wonderguard: 命中前の特性で無効化し、かたやぶりなら通る (37.1766ms)
✔ 相手の未公開特性を決めつけず、公開後だけ無効化する (21.5759ms)
✔ とくせいガードはかたやぶりから無効化特性を守る (19.4076ms)
✔ 控えはランク0、同じ種族の場のポケモンには公開ランクを適用する (28.9657ms)
✔ 交代読みの別種族に、場のHP・状態異常・防御ランクを渡さない (27.9829ms)
✔ がんじょう: 満タンの単発だけ耐え、連続技・削れたHP・かたやぶりを区別する (29.7625ms)
✔ 持ち物の公開・交代・消費・交換・メガフォルムを記憶する (22.478ms)
✔ こおり解除技は行動でき、通常技は25%、ねむりは公開経過で評価する (36.5487ms)
✔ 吸収回復は自分の空きHPと相手の残りHPを上限にする (41.8383ms)
✔ 反動は相手の残りHPを超えた理論ダメージから計算しない (20.2689ms)
✔ 半減実は連続技の最初の一撃で消費し、実際の技実行と一致する (25.5426ms)
✔ みがわりの再使用とHP不足は失敗評価にする (19.5933ms)
✔ 一撃必殺は命中30%で評価し、必中時以外は確定KOにしない (19.2006ms)
✔ 一撃必殺のタイプ・レベル・がんじょうとぜったいれいどの命中率を区別する (22.6446ms)
✔ p1: メガシンカ後の能力・特性・タイプで評価し合法なmega行動を選ぶ (392.6879ms)
✔ p2: メガシンカ後の能力・特性・タイプで評価し合法なmega行動を選ぶ (371.267ms)
✔ メガリザードンYのひでりを予測に使い、公開前に天候を確定させない (279.3802ms)
✔ もうかの通常攻撃が強い場合はメガシンカを保留する (269.6103ms)
✖ メガシンカを含む合法チームで、AIの全行動が受理され終局まで進む (35999.8993ms)
✔ 防御・特防ランク変更後の予想は再計算と一致する (59.5724ms)
✔ 自分の持ち物変更後の予想は再計算と一致する (111.137ms)
✔ stormthrow: 確定急所の範囲と評価点はエンジンと一致する（ランク変更なし） (58.3077ms)
✔ stormthrow: 確定急所の範囲と評価点はエンジンと一致する（ランク変更あり） (48.239ms)
✔ frostbreath: 確定急所の範囲と評価点はエンジンと一致する（ランク変更なし） (56.2749ms)
✔ frostbreath: 確定急所の範囲と評価点はエンジンと一致する（ランク変更あり） (56.3278ms)
✔ 通常技のダメージ範囲を変えない (44.9243ms)
✔ p1: ニックネームの瀕死ログでも交代読みから除外する (81.0813ms)
✔ p2: ニックネームの瀕死ログでも交代読みから除外する (63.1054ms)
✔ メガシンカ後の瀕死でも見せ合いの元の姿を除外する (55.6292ms)
✔ nightshade: 固定・割合ダメージを通常の威力なしで計算する (56.303ms)
✔ seismictoss: 固定・割合ダメージを通常の威力なしで計算する (45.4334ms)
✔ dragonrage: 固定・割合ダメージを通常の威力なしで計算する (52.9265ms)
✔ superfang: 固定・割合ダメージを通常の威力なしで計算する (53.4617ms)
✔ 固定ダメージ技を控え・公開技・習得技・予想の評価にも使う (78.4589ms)
✔ ナイトヘッドはノーマル、ちきゅうなげはゴーストに無効 (33.7942ms)
✔ やどりぎは非接地の相手に使え、くさタイプには無効 (59.3198ms)
✔ サイコフィールドでも自分対象・自分側の場への技は使える (1685.964ms)
✔ サイコフィールドは接地した相手への先制攻撃を防ぐ (43.9427ms)
✔ いたずらごころでも自分・自分側への技はあくタイプ相手に使える (1394.7816ms)
✔ いたずらごころはサイコフィールドでも技の対象を区別する (141.7112ms)
✔ イバンのみは通常技の優先度を上げず、先制技を追い越さない (37.5381ms)
✔ 相手の公開イバンとトリックルームも同じ優先度内で扱う (37.1187ms)
✔ イバンのみの通常技はサイコフィールドで無効にならない (33.4279ms)
✔ 固定ダメージの交代読みは半減で減点せず、無効の交代先を考慮する (41.9537ms)
✔ 固定ダメージは能力ランク・弱点半減・天候で増減しない (47.1247ms)
✔ でんじはは地面・電気に無効で、どくどくはふしょくなら毒・鋼にも通る (105.203ms)
✔ 変化技の反射・無効は公開特性、かたやぶり、とくせいガードを区別する (98.3368ms)
✔ 粉技のタイプ無効と状態異常を防ぐフィールドをエンジンで確認する (101.661ms)
✔ scald: タイプで無効な追加状態異常には加点しない (78.7666ms)
✔ thunderbolt: タイプで無効な追加状態異常には加点しない (61.9501ms)
✔ icebeam: タイプで無効な追加状態異常には加点しない (43.0735ms)
✔ sludgebomb: タイプで無効な追加状態異常には加点しない (95.9184ms)
✔ 追加効果はりんぷん・おんみつマントを反映し、自分の追加上昇は残す (121.7933ms)
✔ ひるみ無効特性と、追加状態異常のフィールド無効を反映する (51.1758ms)
✔ てんのめぐみの追加効果確率を二重補正しない (32.6159ms)
✔ synthesis: 天候・回復上限・満タン時を実際の回復量で評価する (59.5861ms)
✔ morningsun: 天候・回復上限・満タン時を実際の回復量で評価する (60.2411ms)
✔ moonlight: 天候・回復上限・満タン時を実際の回復量で評価する (74.1088ms)
✔ shoreup: 天候・回復上限・満タン時を実際の回復量で評価する (52.2499ms)
✔ 通常の回復技もHP95%以上の実回復量と、天候を無効にする特性を反映する (29.5914ms)
✔ 相手側への設置技もマジックミラーで反射され、みがわりでは防がれない (26.3761ms)
✔ 公開されたかいふくふうじとでんじふゆうを回復・状態異常に反映する (38.9042ms)
✔ いたみわけはHP実数の平均・端数切捨て・双方の回復上限を評価する (27.8639ms)
✔ いたみわけは相手の非公開最大HPを読まず、みがわりには失敗する (25.2676ms)
✔ p1: ねむる後の2行動は眠り、3行動目に起きる。ねごとも同じ確率を使う (47.6462ms)
✔ p2: ねむる後の2行動は眠り、3行動目に起きる。ねごとも同じ確率を使う (40.836ms)
✔ ねむるの履歴は交代後も種族ごとに保持し、治癒・通常の眠りで解除する (19.8083ms)
✔ はやおきのねむるは1行動眠って起き、自分のrequestの特性も使用する (23.2325ms)
✔ p1: ふいうちは公開された変化技ロックでは失敗し、攻撃ロックなら通る (33.1923ms)
✔ p2: ふいうちは公開された変化技ロックでは失敗し、攻撃ロックなら通る (32.5369ms)
✔ ふいうちの未公開枠は成功を確定せず、公開情報に応じて成功見込みを変える (26.7365ms)
✔ ふいうちは相手が先に動く先制攻撃には失敗する (43.6175ms)
✔ 相手のふいうち・反撃技の危険度は、自分が選ぶ技に応じて変わる (54.8899ms)
✔ counter: 同ターンの対応する被ダメージを倍返しし、別分類・変化技では失敗する (33.0379ms)
✔ mirrorcoat: 同ターンの対応する被ダメージを倍返しし、別分類・変化技では失敗する (33.7792ms)
✔ 反撃技は倒される前提では加点せず、きあいのタスキで生存すれば返せる (26.233ms)
✔ 反撃技は最後の打撃・みがわり・返す技のタイプ無効もエンジンに合わせる (34.4605ms)
✔ 反撃技は相手が外す可能性を加味し、未公開技の推定を確定KOにしない (33.3012ms)
✔ おやこあいでタスキを突破する攻撃にKO加点し、通常の単発では加点しない (54.3943ms)
✔ 自分のタスキを突破する連続攻撃もKO危険として評価する (60.8759ms)
✔ 遅いねこだましもひるみを加点し、より高い優先度で相手が動いた後は加点しない (32.1574ms)
✔ ひるみは相手の先制技とトリックルームを含む行動順で評価する (30.5644ms)
✔ p1: 通常の眠りとはやおきは、それまで眠り続けた条件付き確率を使う (23.041ms)
✔ p2: 通常の眠りとはやおきは、それまで眠り続けた条件付き確率を使う (20.3306ms)
✔ 通常の眠りは1回眠った後1/3、2回後100%で起き、攻撃・ねごとへ反映する (29.7001ms)
✔ p1: こおりは実エンジンの25%・25%・100%と攻撃評価が一致する (40.9902ms)
✔ p1: こおりの公開経過を交代後も保持し、別個体・治癒・再付与ではリセットする (19.756ms)
✔ p1: まひの行動不能は実エンジンで1/8、攻撃の評価と命中見込みは7/8になる (44.9838ms)
✔ p2: こおりは実エンジンの25%・25%・100%と攻撃評価が一致する (47.2931ms)
✔ p2: こおりの公開経過を交代後も保持し、別個体・治癒・再付与ではリセットする (40.1872ms)
✔ p2: まひの行動不能は実エンジンで1/8、攻撃の評価と命中見込みは7/8になる (35.097ms)
✔ 相手のねむり・こおり・まひの行動可能性を被ダメージ危険度へ反映する (43.173ms)
✔ こおりの評価は非公開の残りカウントを参照しない (25.929ms)
✔ カウンターを構えている相手へのふいうちが成功する組み合わせも評価する (23.8906ms)
✔ p1: 公開された控えHP・状態を記憶し、控えへの回復で場のHPを上書きしない (20.3053ms)
✔ p1: あくびは受けた当日の行動を妨げず、翌ターン終了後の眠りを評価する (45.0806ms)
✔ p2: 公開された控えHP・状態を記憶し、控えへの回復で場のHPを上書きしない (30.9952ms)
✔ p2: あくびは受けた当日の行動を妨げず、翌ターン終了後の眠りを評価する (59.1131ms)
✔ あくび予測は眠り無効の特性・地形・きのみと、眠ったまま使える技を反映する (46.0821ms)
✔ 交代技はあくびを避けるが、無効なボルトチェンジでは避けられない (55.3974ms)
✔ 相手のあくびは今の攻撃を止めず、次の睡眠を自分の積み技の評価に反映する (68.2314ms)
✔ あくびで眠るターンには、居座る通常攻撃から安全な控えへの交代へ判断が変わる (219.4746ms)
✔ 記憶した控えHPで、満タンのがんじょうと削れた交代先を区別する (35.6389ms)
✔ 控えのHPは最後の公開値を保持し、さいせいりょくは仮定した特性ごとに回復を計算する (36.317ms)
✔ 構成候補は合法な4技を固定し、公開技を必ず含め、対面で技セットを入れ替えない (126.9515ms)
✔ 公開された持ち物・特性・消費で構成候補を絞り、公開済みの同じ持ち物も除外する (76.6252ms)
✔ 無効化やダメージの原因欄に公開された特性・持ち物も候補へ反映する (50.422ms)
✔ 未公開の無効化特性は候補として重み付けし、公開後は実エンジンと同じ無効になる (110.4112ms)
✔ 未公開のふゆうも接地判定に反映し、サイコフィールドの先制技を候補ごとに判定する (71.2139ms)
✔ 未公開のタスキ・スカーフを候補に含め、公開後はダメージ・速度の幅を絞る (71.3434ms)
✔ 構成予測は非公開の技・持ち物・特性・控えHPを変更しても変化しない (140.9594ms)
✔ 条件付き技の推定は相手の実際の選択・非公開request・能力実数を参照しない (40.0856ms)
ℹ tests 235
ℹ suites 0
ℹ pass 234
ℹ fail 1
ℹ cancelled 0
ℹ skipped 0
ℹ todo 0
ℹ duration_ms 56436.9275

✖ failing tests:

test at scripts\test-battle-regressions.cjs:1790:1
✖ メガシンカを含む合法チームで、AIの全行動が受理され終局まで進む (35999.8993ms)
  TypeError: Cannot read properties of undefined (reading 'set')
      at Battle.basePowerCallback (C:\Users\callt\Desktop\pokesim\vendor\pokemon-showdown\dist\data\moves.js:1168:66)
      at BattleActions.getDamage (C:\Users\callt\Desktop\pokesim\vendor\pokemon-showdown\dist\sim\battle-actions.js:1364:42)
      at projectedEffectDamage (C:\Users\callt\Desktop\pokesim\scripts\battle-from-json.cjs:4530:55)
      at C:\Users\callt\Desktop\pokesim\scripts\battle-from-json.cjs:4541:78
      at Array.map (<anonymous>)
      at best (C:\Users\callt\Desktop\pokesim\scripts\battle-from-json.cjs:4541:47)
      at projectedEffectPosition (C:\Users\callt\Desktop\pokesim\scripts\battle-from-json.cjs:4544:20)
      at projectedAilmentPosition (C:\Users\callt\Desktop\pokesim\scripts\battle-from-json.cjs:4236:20)
      at hiddenDisruptionBoard (C:\Users\callt\Desktop\pokesim\scripts\battle-from-json.cjs:6810:20)
      at branch (C:\Users\callt\Desktop\pokesim\scripts\battle-from-json.cjs:6947:23)
