✔ p1: 公開された控えHP・状態を記憶し、控えへの回復で場のHPを上書きしない (402.2903ms)
✔ p1: あくびは受けた当日の行動を妨げず、翌ターン終了後の眠りを評価する (56.4461ms)
✔ p2: 公開された控えHP・状態を記憶し、控えへの回復で場のHPを上書きしない (26.5174ms)
✔ p2: あくびは受けた当日の行動を妨げず、翌ターン終了後の眠りを評価する (35.3058ms)
✔ あくび予測は眠り無効の特性・地形・きのみと、眠ったまま使える技を反映する (29.7189ms)
✔ 交代技はあくびを避けるが、無効なボルトチェンジでは避けられない (36.4063ms)
✔ 相手のあくびは今の攻撃を止めず、次の睡眠を自分の積み技の評価に反映する (38.8168ms)
✔ 構成候補は合法な4技を固定し、公開技を必ず含め、対面で技セットを入れ替えない (101.1791ms)
✔ 公開された持ち物・特性・消費で構成候補を絞り、公開済みの同じ持ち物も除外する (25.3442ms)
✔ 無効化やダメージの原因欄に公開された特性・持ち物も候補へ反映する (22.5214ms)
✔ 未公開の無効化特性は候補として重み付けし、公開後は実エンジンと同じ無効になる (40.5759ms)
✔ 未公開のタスキ・スカーフを候補に含め、公開後はダメージ・速度の幅を絞る (38.4457ms)
✔ 構成予測は非公開の技・持ち物・特性・控えHPを変更しても変化しない (147.8485ms)
ℹ tests 13
ℹ suites 0
ℹ pass 13
ℹ fail 0
ℹ cancelled 0
ℹ skipped 0
ℹ todo 0
ℹ duration_ms 1134.3204
