✔ 先手・必中・確定KOの攻撃は重大技の評価で捨てず、最小ダメージ不足・命中不足は確定扱いしない (2654.0305ms)
✔ 重大な一手の直後評価はp1・p2で対称になり、連続攻撃の分岐でも公開状態を保存する (83.1097ms)
✖ 全攻撃比較: 最良技では倒される対面で、低順位の先制攻撃を選び、無駄にまもるへ逃げない (2690.5065ms)
✔ 全攻撃比較: 失敗する攻撃を代替に入れず、元の技スロットを維持する (2684.0802ms)
ℹ tests 4
ℹ suites 0
ℹ pass 3
ℹ fail 1
ℹ cancelled 0
ℹ skipped 0
ℹ todo 0
ℹ duration_ms 8348.7251

✖ failing tests:

test at scripts\test-battle-regressions.cjs:318:1
✖ 全攻撃比較: 最良技では倒される対面で、低順位の先制攻撃を選び、無駄にまもるへ逃げない (2690.5065ms)
  AssertionError [ERR_ASSERTION]: {"rows":[{"kind":"move","id":"flamethrower","slot":1,"score":120,"loss":247.273125,"threat":"bulletseed"},{"kind":"move","id":"extremespeed","slot":2,"score":90,"loss":447.5,"threat":"doubleedge"},{"kind":"move","id":"protect","slot":3,"score":0,"loss":0,"threat":null}],"override":{"kind":"move","id":"protect","slot":3,"score":0,"loss":0,"threat":null}}
  + actual - expected
  
  + 'protect'
  - 'extremespeed'
  
      at TestContext.<anonymous> (C:\Users\callt\Desktop\pokesim\scripts\test-battle-regressions.cjs:327:10)
      at Test.runInAsyncScope (node:async_hooks:226:14)
      at Test.run (node:internal/test_runner/test:1201:25)
      at Test.processPendingSubtests (node:internal/test_runner/test:831:18) {
    generatedMessage: false,
    code: 'ERR_ASSERTION',
    actual: 'protect',
    expected: 'extremespeed',
    operator: 'strictEqual',
    diff: 'simple'
  }
