✔ 局面修正 p1: ちょうはつ・やどりぎ・あくびの公開済み状態への再使用は失敗する (503.884ms)
✔ 局面修正 p1: こんじょうのやけどは主効果・追加効果とも不利益を計算する (57.153ms)
✔ 局面修正 p1: ねごとは失敗を0とし、成功する有害な持ち物交換は平均から減点する (82.4796ms)
✔ 局面修正 p2: ちょうはつ・やどりぎ・あくびの公開済み状態への再使用は失敗する (33.6479ms)
✔ 局面修正 p2: こんじょうのやけどは主効果・追加効果とも不利益を計算する (29.5025ms)
✔ 局面修正 p2: ねごとは失敗を0とし、成功する有害な持ち物交換は平均から減点する (49.9302ms)
✔ 局面修正: メンタルハーブで即解除されるちょうはつには利益を付けない (26.9911ms)
✔ 局面修正: やけどは物理型・特殊型・回復特性・治癒きのみを区別する (93.5489ms)
✔ 局面修正: まひは相手の速度・攻撃の機会と、はやあしを反映する (44.3785ms)
✔ 局面修正: 氷のいない対面の雪は0、相手だけの氷防御上昇は不利益になる (119.45ms)
✔ 局面修正: 相手だけが砂無効かつ岩の特防上昇を得ると砂嵐を減点する (35.0827ms)
✔ 局面修正: 砂の無効化・すなかき・控えの氷タイプも天候評価に入る (147.514ms)
✔ 局面修正: ニードルガードの接触ダメージ・トーチカのどくをまもると区別する (168.0427ms)
✔ 局面修正 p1: 連続成功で1/3・1/9、失敗・別技・交代でまもる成功率が戻る (122.0881ms)
✔ 局面修正 p2: 連続成功で1/3・1/9、失敗・別技・交代でまもる成功率が戻る (106.4593ms)
✔ 局面修正: ふかしのこぶしはChampionsの貫通後の軽減を評価し、フェイントには回避利益を付けない (118.789ms)
✔ 局面修正: トーチカでポイズンヒールを与える不利益・優先度・相手の行動不能を反映する (60.4144ms)
✔ 評価修正: チャージビームの70%上昇は命中率・無効・ちからずく・マントも区別する (55.395ms)
✔ ランダム追加状態異常は全候補の成功率を平均しタイプ無効を反映する (98.8394ms)
✔ 残件: しっとのほのおとみわくのボイスは公開された当ターン上昇で発動する (86.5359ms)
✔ 残件: 条件付き追加効果は先に動く相手の積み技とランク上限を考慮する (32.8386ms)
✔ 残件: 条件付き追加効果は相手の睡眠・まひによる行動不能も織り込む (40.1935ms)
✔ 変化技にも命中ランクとノーガードの補正を適用する (35.2011ms)
✔ 条件付き技の推定は相手の実際の選択・非公開request・能力実数を参照しない (38.6245ms)
ℹ tests 24
ℹ suites 0
ℹ pass 24
ℹ fail 0
ℹ cancelled 0
ℹ skipped 0
ℹ todo 0
ℹ duration_ms 2332.6643
