✔ 未公開重大技は合法な習得技だけを含み、公開4技・ちょうはつ・PP・固定技を尊重する (735.2891ms)
✔ 重大技の仮説は公開技を残す4技のコピーで、既存の構成を書き換えない (40.5706ms)
✔ 未公開の致命傷は独立した破綻として検出し、まもるで軽減する (58.317ms)
✔ まもるは相手の積み技を止めず、攻撃して削る利益も比較する (69.8226ms)
✔ 効果のない状態異常と即時解除された状態異常は重大技に数えない (77.5595ms)
✔ 先手の眠りはこのターンの攻撃を止め、遅い眠りでも直後の状態を残す (44.8218ms)
✔ 設置はまもるを越え、低HPの控えが入場できなくなる不利を検出する (62.3881ms)
✔ ほえるは控えのない相手・きゅうばんへは効かず、まもるでも止められない (53.0807ms)
✔ 自主交代はこのターンの攻撃と入場ダメージを受け、無効特性の有効な逃げ先を区別する (32.3002ms)
✔ 重大技の評価は公開状態・構成・requestを変更せず、私有相手情報も読まない (35.2543ms)
✔ 平均とは別の重大な未公開攻撃だけで、明確に安全なまもるへ変更する (919.1447ms)
✔ 小さな不利と通常スコアの大きな利益は、未公開技だけで攻撃を捨てない (902.2952ms)
✔ 先手・必中・確定KOの攻撃は重大技の評価で捨てず、タスキや同速は確定扱いしない (745.6107ms)
✔ 連続まもるの失敗率とチャンピオンズのふかしのこぶしを別枠の比較でも反映する (128.2282ms)
✔ 未公開候補の習得数を増やしても、重大な一手の不利は薄まらない (762.5159ms)
✔ 重大な一手の直後評価はp1・p2で対称になり、連続攻撃の分岐でも公開状態を保存する (174.1736ms)
✔ 未公開のふいうちは攻撃を選んだ時に成功し、まもる・変化技へは失敗する (67.3305ms)
ℹ tests 17
ℹ suites 0
ℹ pass 17
ℹ fail 0
ℹ cancelled 0
ℹ skipped 0
ℹ todo 0
ℹ duration_ms 5134.4287
