p1 選出候補: [Venusaur / Blastoise / Arcanine]=359.0 | [Venusaur / Blastoise / Charizard]=337.9 | [Blastoise / Gengar / Arcanine]=295.6
p1 選出判断: Blastoise → Arcanine → Venusaur (team 352)
p1: team 352
p2 選出候補: [Arcanine / Blastoise / Venusaur]=359.0 | [Charizard / Blastoise / Venusaur]=337.9 | [Arcanine / Blastoise / Steelix]=335.6
p2 選出判断: Blastoise → Arcanine → Venusaur (team 425)
p2: team 425
p1 素早さ推定: Blastoise 143 / Blastoise 88〜214 → 速度関係不明
p1 現在対面の被ダメ推定: 予想:Focus Punch/Water Spout 0.0〜53.2%【公開技を含む4技構成の候補から推定】
p1 交代候補: Venusaur=61.2 (攻67.1 守20.0 被予想:Ice Beam/Double-Edge/Water Spout 0.0〜65.0% 次先+15 [145 vs 88〜143]) / Arcanine=-97.3 (攻19.6 守-25.0 被予想:Water Spout/Wave Crash 0.0〜180.8% いかく 次先+15 [161 vs 88〜143])
p1 自主交代判断: Blastoise → Venusaur
p1: switch 3
p2 素早さ推定: Blastoise 143 / Blastoise 88〜214 → 速度関係不明
p2 現在対面の被ダメ推定: 予想:Focus Punch/Water Spout 0.0〜53.2%【公開技を含む4技構成の候補から推定】
p2 交代候補: Venusaur=61.2 (攻67.1 守20.0 被予想:Ice Beam/Double-Edge/Water Spout 0.0〜65.0% 次先+15 [145 vs 88〜143]) / Arcanine=-97.3 (攻19.6 守-25.0 被予想:Water Spout/Wave Crash 0.0〜180.8% いかく 次先+15 [161 vs 88〜143])
p2 自主交代判断: Blastoise → Venusaur
p2: switch 3
p1 素早さ推定: Venusaur 145 / Venusaur 90〜217 → 速度関係不明
p1 現在対面の被ダメ推定: 予想:Sludge Wave/Poison Jab/Petal Dance 0.0〜57.3%【公開技を含む4技構成の候補から推定】
p1 交代候補: Arcanine=66.5 (攻82.2 守0.0 被予想:Earth Power/Petal Dance/Poison Jab 0.0〜81.4% いかく 次先+15 [161 vs 90〜145]) / Blastoise=-107.1 (攻18.6 守-25.0 被予想:Petal Dance/Power Whip 0.0〜138.5% 次速度不明 [143 vs 90〜145])
p1 自主交代判断: Venusaur → Arcanine
p1: switch 2
p2 素早さ推定: Venusaur 145 / Venusaur 90〜217 → 速度関係不明
p2 現在対面の被ダメ推定: 予想:Sludge Wave/Poison Jab/Petal Dance 0.0〜57.3%【公開技を含む4技構成の候補から推定】
p2 交代候補: Arcanine=66.5 (攻82.2 守0.0 被予想:Earth Power/Petal Dance/Poison Jab 0.0〜81.4% いかく 次先+15 [161 vs 90〜145]) / Blastoise=-107.1 (攻18.6 守-25.0 被予想:Petal Dance/Power Whip 0.0〜138.5% 次速度不明 [143 vs 90〜145])
p2 自主交代判断: Venusaur → Arcanine
p2: switch 2
p2 特性公開: Intimidate
p1 能力変化: atk -1 → -1
p1 特性公開: Intimidate
p2 能力変化: atk -1 → -1
p1 素早さ推定: Arcanine 161 / Arcanine 103〜241 → 速度関係不明
p1 現在対面の被ダメ推定: 予想:Scorching Sands/Close Combat/Flare Blitz 0.0〜63.5%【公開技を含む4技構成の候補から推定】
p1 交代候補: Blastoise=76.2 (攻82.9 守20.0 被予想:Burn Up/Close Combat/Flare Blitz 0.0〜37.2% 次速度不明 [143 vs 103〜161]) / Venusaur=-85.1 (攻45.5 守-25.0 被予想:Burn Up/Flare Blitz 0.0〜154.1% 次速度不明 [145 vs 103〜161])
p1 技評価: Flamethrower 推定13.7〜30.9% 評価22.8【公開情報から構成候補を推定】
p1: move 1
p2 素早さ推定: Arcanine 161 / Arcanine 103〜241 → 速度関係不明
p2 現在対面の被ダメ推定: 予想:Scorching Sands/Close Combat/Flare Blitz 0.0〜63.5%【公開技を含む4技構成の候補から推定】
p2 交代候補: Blastoise=68.7 (攻82.9 守20.0 被予想:Close Combat/Flare Blitz/Burn Up 0.0〜51.3% 次速度不明 [143 vs 103〜161]) / Venusaur=-113.0 (攻45.5 守-25.0 被予想:Flare Blitz/Burn Up 0.0〜177.1% 次速度不明 [145 vs 103〜161])
p2 現在能力: atk-1
p2 技評価: Flamethrower 推定13.7〜30.9% 評価22.8【公開情報から構成候補を推定】
p2: move 1
p1 公開技記憶: Arcanine → Flamethrower
p1 素早さ観測: Arcanine 103〜161（Arcanineが先 / 絞り込みなし）
p2 素早さ学習: Arcanine 103〜161 → 161〜161（Arcanineが先）
p2 公開技記憶: Arcanine → Flamethrower
p1 相手公開技: Arcanine [Flamethrower]
p1 素早さ推定: Arcanine 161 / Arcanine 103〜241 → 速度関係不明
p1 現在対面の被ダメ推定: 予想:Scorching Sands/Close Combat 0.0〜63.5%【公開技を含む4技構成の候補から推定】
p1 交代候補: Blastoise=82.6 (攻82.9 守20.0 被Flamethrower 14.1〜25.6% 次速度不明 [143 vs 103〜161]) / Venusaur=-84.6 (攻45.5 守-25.0 被Flamethrower 58.6〜108.3% 倒れる可能性 次速度不明 [145 vs 103〜161])
p1 自主交代判断: Arcanine → Blastoise
p1: switch 3
p2 相手公開技: Arcanine [Flamethrower]
p2 素早さ推定: Arcanine 161 / Arcanine 161〜241 → 速度関係不明（観測1回反映）
p2 現在対面の被ダメ推定: 予想:Scorching Sands/Close Combat 0.0〜63.5%【公開技を含む4技構成の候補から推定】
p2 交代候補: Blastoise=66.9 (攻82.9 守20.0 被予想:Close Combat/Hyper Voice 0.0〜51.3% 次後-15 [143 vs 161〜161]) / Venusaur=-99.6 (攻45.5 守-25.0 被Flamethrower 58.6〜108.3% 倒れる可能性 次後-15 [145 vs 161〜161])
p2 自主交代判断: Arcanine → Blastoise
p2: switch 3
p1 素早さ推定: Blastoise 143 / Blastoise 88〜214 → 速度関係不明
p1 現在対面の被ダメ推定: 予想:Focus Punch/Water Spout 0.0〜53.2%【公開技を含む4技構成の候補から推定】
p1 交代候補: Venusaur=61.2 (攻67.1 守20.0 被予想:Ice Beam/Double-Edge/Water Spout 0.0〜65.0% 次先+15 [145 vs 88〜143]) / Arcanine=-96.0 (攻19.6 守-25.0 被予想:Water Spout/Wave Crash 0.0〜180.8% いかく 次先+15 [161 vs 88〜143])
p1 自主交代判断: Blastoise → Venusaur
p1: switch 2
p2 素早さ推定: Blastoise 143 / Blastoise 88〜214 → 速度関係不明
p2 現在対面の被ダメ推定: 予想:Focus Punch/Water Spout 0.0〜53.2%【公開技を含む4技構成の候補から推定】
p2 交代候補: Venusaur=61.2 (攻67.1 守20.0 被予想:Ice Beam/Double-Edge/Water Spout 0.0〜65.0% 次先+15 [145 vs 88〜143]) / Arcanine=-96.0 (攻19.6 守-25.0 被予想:Water Spout/Wave Crash 0.0〜180.8% いかく 次先+15 [161 vs 88〜143])
p2 自主交代判断: Blastoise → Venusaur
p2: switch 2
p1 素早さ推定: Venusaur 145 / Venusaur 90〜217 → 速度関係不明
p1 現在対面の被ダメ推定: 予想:Sludge Wave/Poison Jab/Petal Dance 0.0〜57.3%【公開技を含む4技構成の候補から推定】
p1 交代候補: Arcanine=45.8 (攻82.2 守0.0 被予想:Earth Power/Petal Dance/Poison Jab 0.0〜81.4% いかく 次先+15 [161 vs 90〜145]) / Blastoise=-107.1 (攻18.6 守-25.0 被予想:Petal Dance/Power Whip 0.0〜138.5% 次速度不明 [143 vs 90〜145])
p1 技評価: Sludge Bomb 推定25.7〜54.8% 評価41.1【公開情報から構成候補を推定】 / Protect 推定0.0〜0.0% 評価10.0【先に倒される危険なし】 / Giga Drain 推定5.3〜11.6% 評価8.7【公開情報から構成候補を推定】 / Sleep Powder 推定0.0〜0.0% 評価-100.0【タイプなどで無効】
p1: move 2
p2 素早さ推定: Venusaur 145 / Venusaur 90〜217 → 速度関係不明
p2 現在対面の被ダメ推定: 予想:Sludge Wave/Poison Jab/Petal Dance 0.0〜57.3%【公開技を含む4技構成の候補から推定】
p2 交代候補: Arcanine=46.8 (攻82.2 守0.0 被予想:Earth Power/Petal Dance/Poison Jab 0.0〜81.4% いかく 次先+15 [161 vs 90〜145]) / Blastoise=-107.1 (攻18.6 守-25.0 被予想:Petal Dance/Power Whip 0.0〜138.5% 次速度不明 [143 vs 90〜145])
p2 技評価: Sludge Bomb 推定25.7〜54.8% 評価41.1【公開情報から構成候補を推定】 / Giga Drain 推定5.3〜11.6% 評価8.7【公開情報から構成候補を推定】
p2: move 2
p2 公開技記憶: Venusaur → Sludge Bomb
p1 素早さ学習: Venusaur 90〜145 → 145〜145（Venusaurが先）
p2 素早さ観測: Venusaur 90〜145（Venusaurが先 / 絞り込みなし）
p1 公開技記憶: Venusaur → Sludge Bomb
p1 相手公開技: Venusaur [Sludge Bomb]
p1 素早さ推定: Venusaur 145 / Venusaur 145〜217 → 速度関係不明（観測1回反映）
p1 現在対面の被ダメ推定: Sludge Bomb 29.3〜54.1%【公開情報から構成候補を推定】
p1 交代候補: Arcanine=28.5 (攻82.2 守0.0 被Sludge Bomb 32.9〜61.1% いかく 次先+15 [161 vs 145〜145]) / Blastoise=-86.5 (攻18.6 守-25.0 被予想:Petal Dance/Power Whip 0.0〜138.5% 次後-15 [143 vs 145〜145])
p1 自主交代判断: Venusaur → Arcanine
p1: switch 3
p2 相手公開技: Venusaur [Sludge Bomb]
p2 素早さ推定: Venusaur 145 / Venusaur 90〜217 → 速度関係不明
p2 現在対面の被ダメ推定: Sludge Bomb 29.3〜54.1%【公開情報から構成候補を推定】
p2 交代候補: Arcanine=29.5 (攻82.2 守0.0 被Sludge Bomb 32.9〜61.1% いかく 次先+15 [161 vs 90〜145]) / Blastoise=-71.5 (攻18.6 守-25.0 被予想:Petal Dance/Power Whip 0.0〜138.5% 次速度不明 [143 vs 90〜145])
p2 自主交代判断: Venusaur → Arcanine
p2: switch 3
p1 能力変化: atk -1 → -1
p2 能力変化: atk -1 → -1
p1 相手公開技: Arcanine [Flamethrower]
p1 素早さ推定: Arcanine 161 / Arcanine 103〜241 → 速度関係不明
p1 現在対面の被ダメ推定: 予想:Scorching Sands/Close Combat 0.0〜63.5%【公開技を含む4技構成の候補から推定】
p1 交代候補: Blastoise=82.6 (攻82.9 守20.0 被Flamethrower 14.1〜25.6% 次速度不明 [143 vs 103〜161]) / Venusaur=-94.2 (攻45.5 守-25.0 被Flamethrower 58.6〜108.3% 倒れる可能性 次速度不明 [145 vs 103〜161])
p1 自主交代判断: Arcanine → Blastoise
p1: switch 2
p2 相手公開技: Arcanine [Flamethrower]
p2 素早さ推定: Arcanine 161 / Arcanine 161〜241 → 速度関係不明（観測1回反映）
p2 現在対面の被ダメ推定: 予想:Scorching Sands/Close Combat 0.0〜63.5%【公開技を含む4技構成の候補から推定】
p2 交代候補: Blastoise=66.9 (攻82.9 守20.0 被予想:Close Combat/Hyper Voice 0.0〜51.3% 次後-15 [143 vs 161〜161]) / Venusaur=-109.4 (攻45.5 守-25.0 被Flamethrower 58.6〜108.3% 倒れる可能性 次後-15 [145 vs 161〜161])
p2 自主交代判断: Arcanine → Blastoise
p2: switch 2
p1 素早さ推定: Blastoise 143 / Blastoise 88〜214 → 速度関係不明
p1 現在対面の被ダメ推定: 予想:Focus Punch/Water Spout 0.0〜53.2%【公開技を含む4技構成の候補から推定】
p1 交代候補: Venusaur=39.3 (攻101.8 守20.0 被予想:Ice Beam/Double-Edge/Water Spout 0.0〜65.0% 次先+15 [145 vs 88〜143]) / Arcanine=-96.0 (攻19.6 守-25.0 被予想:Water Spout/Wave Crash 0.0〜180.8% いかく 次先+15 [161 vs 88〜143])
p1 技評価: Surf 推定11.3〜24.0% 評価18.0【公開情報から構成候補を推定】 / Rain Dance 推定0.0〜0.0% 評価13.7【雨展開価値 攻+8.8 防+0.0 約5ターン】
p1: move 1
p2 素早さ推定: Blastoise 143 / Blastoise 88〜214 → 速度関係不明
p2 現在対面の被ダメ推定: 予想:Focus Punch/Water Spout 0.0〜53.2%【公開技を含む4技構成の候補から推定】
p2 交代候補: Venusaur=37.7 (攻101.8 守20.0 被予想:Ice Beam/Double-Edge/Water Spout 0.0〜65.0% 次先+15 [145 vs 88〜143]) / Arcanine=-96.0 (攻19.6 守-25.0 被予想:Water Spout/Wave Crash 0.0〜180.8% いかく 次先+15 [161 vs 88〜143])
p2 技評価: Surf 推定11.3〜24.0% 評価18.0【公開情報から構成候補を推定】
p2: move 1
p2 公開技記憶: Blastoise → Surf
p1 素早さ学習: Blastoise 88〜143 → 143〜143（Blastoiseが先）
p2 素早さ観測: Blastoise 88〜143（Blastoiseが先 / 絞り込みなし）
p1 公開技記憶: Blastoise → Surf
p1 相手公開技: Blastoise [Surf]
p1 素早さ推定: Blastoise 143 / Blastoise 143〜214 → 速度関係不明（観測1回反映）
p1 現在対面の被ダメ推定: 予想:Focus Punch/Dragon Pulse 0.0〜53.2%【公開技を含む4技構成の候補から推定】
p1 交代候補: Venusaur=49.6 (攻99.9 守20.0 被予想:Ice Beam/Double-Edge 0.0〜65.0% 次先+15 [145 vs 143〜143]) / Arcanine=-94.6 (攻19.6 守-25.0 被Surf 58.7〜109.0% 倒れる可能性 いかく 次先+15 [161 vs 143〜143])
p1 自主交代判断: Blastoise → Venusaur
p1: switch 3
p2 相手公開技: Blastoise [Surf]
p2 素早さ推定: Blastoise 143 / Blastoise 88〜214 → 速度関係不明
p2 現在対面の被ダメ推定: 予想:Focus Punch/Dragon Pulse 0.0〜53.2%【公開技を含む4技構成の候補から推定】
p2 交代候補: Venusaur=47.9 (攻99.5 守20.0 被予想:Ice Beam/Double-Edge 0.0〜65.0% 次先+15 [145 vs 88〜143]) / Arcanine=-94.6 (攻19.6 守-25.0 被Surf 58.7〜109.0% 倒れる可能性 いかく 次先+15 [161 vs 88〜143])
p2 自主交代判断: Blastoise → Venusaur
p2: switch 3
p1 相手公開技: Venusaur [Sludge Bomb]
p1 素早さ推定: Venusaur 145 / Venusaur 145〜217 → 速度関係不明（観測1回反映）
p1 現在対面の被ダメ推定: Sludge Bomb 29.3〜54.1%【公開情報から構成候補を推定】
p1 交代候補: Arcanine=28.5 (攻82.2 守0.0 被Sludge Bomb 32.9〜61.1% いかく 次先+15 [161 vs 145〜145]) / Blastoise=-85.2 (攻18.6 守-25.0 被予想:Petal Dance/Power Whip 0.0〜138.5% 次後-15 [143 vs 145〜145])
p1 技評価: Sludge Bomb 推定25.7〜54.8% 評価46.1【推定乱数1発】【公開情報から構成候補を推定】【速度関係不明でSludge BombのKO危険】 / Protect 推定0.0〜0.0% 評価12.0【相手のSludge Bombが先に乱数KOするためまもる】 / Giga Drain 推定5.3〜11.6% 評価-21.8【公開情報から構成候補を推定】【速度関係不明でSludge BombのKO危険】【吸収】 / Sleep Powder 推定0.0〜0.0% 評価-135.0【速度関係不明でSludge BombのKO危険】【タイプなどで無効】
p1: move 2
p2 相手公開技: Venusaur [Sludge Bomb]
p2 素早さ推定: Venusaur 145 / Venusaur 90〜217 → 速度関係不明
p2 現在対面の被ダメ推定: Sludge Bomb 29.3〜54.1%【公開情報から構成候補を推定】
p2 交代候補: Arcanine=29.5 (攻82.2 守0.0 被Sludge Bomb 32.9〜61.1% いかく 次先+15 [161 vs 90〜145]) / Blastoise=-70.3 (攻18.6 守-25.0 被予想:Petal Dance/Power Whip 0.0〜138.5% 次速度不明 [143 vs 90〜145])
p2 自主交代判断: Venusaur → Arcanine
p2: switch 2
p1 能力変化: atk -1 → -1
p2 状態異常: psn
p1 相手公開技: Arcanine [Flamethrower]
p1 素早さ推定: Venusaur 145 / Arcanine 103〜241 → 速度関係不明
p1 現在対面の被ダメ推定: Flamethrower 58.6〜108.3%【公開情報から構成候補を推定】
p1 交代候補: Blastoise=61.4 (攻82.9 守20.0 被予想:Close Combat/Hyper Voice 0.0〜51.3% 次速度不明 [143 vs 103〜161]) / Arcanine=3.6 (攻22.8 守20.0 被予想:Scorching Sands/Close Combat 0.0〜63.5% いかく+3 次速度不明 [161 vs 103〜161])
p1 自主交代判断: Venusaur → Blastoise
p1: switch 3
p2 相手公開技: Venusaur [Sludge Bomb]
p2 素早さ推定: Arcanine 161 / Venusaur 90〜217 → 速度関係不明
p2 ターン終了: どく 点数-12.5
p2 現在対面の被ダメ推定: Sludge Bomb 32.9〜61.1%【公開情報から構成候補を推定】
p2 交代候補: Venusaur=-41.1 (攻41.1 守0.0 被Sludge Bomb 29.3〜54.1% 倒れる可能性 次速度不明 [145 vs 90〜145]) / Blastoise=-65.4 (攻18.6 守-25.0 被予想:Petal Dance/Power Whip 0.0〜138.5% 次速度不明 [143 vs 90〜145])
p2 技評価: Flamethrower 推定51.3〜109.7% 評価-38.6【推定乱数1発】【公開情報から構成候補を推定】【速度関係不明でSludge BombのKO危険】【やけど】【交代読み:Blastoise】
p2: move 1
p1 相手公開技: Arcanine [Flamethrower]
p1 素早さ推定: Blastoise 143 / Arcanine 103〜241 → 速度関係不明
p1 技評価: Surf 推定49.7〜112.7% 評価100.4【命中時1発】【公開情報から構成候補を推定】【交代読み:Blastoise】 / Rain Dance 推定0.0〜0.0% 評価40.2【雨展開価値 攻+40.9 防+10.1 約5ターン】
p1: move 1
p2 相手公開技: Blastoise [Surf]
p2 素早さ推定: Arcanine 161 / Blastoise 88〜214 → 速度関係不明
p2 ターン終了: どく 点数-12.5
p2 現在対面の被ダメ推定: Surf 58.7〜109.0%【公開情報から構成候補を推定】
p2 交代候補: Venusaur=44.9 (攻93.7 守20.0 被予想:Ice Beam/Double-Edge 0.0〜65.0% 次先+15 [145 vs 88〜143]) / Blastoise=12.6 (攻18.0 守20.0 被予想:Focus Punch/Dragon Pulse 0.0〜53.2% 次速度不明 [143 vs 88〜143])
p2 自主交代判断: Arcanine → Venusaur
p2: switch 2
p1 相手公開技: Venusaur [Sludge Bomb]
p1 素早さ推定: Blastoise 143 / Venusaur 145〜217 → 相手が確実に速い（観測1回反映）
p1 現在対面の被ダメ推定: 予想:Petal Dance/Power Whip 0.0〜205.1%【公開技を含む4技構成の候補から推定】
p1 交代候補: Arcanine=28.5 (攻82.2 守0.0 被Sludge Bomb 32.9〜61.1% いかく 次先+15 [161 vs 145〜145]) / Venusaur=-40.6 (攻41.1 守0.0 被Sludge Bomb 29.3〜54.1% 倒れる可能性 次速度不明 [145 vs 145〜145])
p1 自主交代判断: Blastoise → Arcanine
p1: switch 2
p2 相手公開技: Blastoise [Surf]
p2 素早さ推定: Venusaur 145 / Blastoise 88〜214 → 速度関係不明
p2 現在対面の被ダメ推定: 予想:Ice Beam/Double-Edge 0.0〜65.0%【公開技を含む4技構成の候補から推定】
p2 交代候補: Blastoise=12.6 (攻18.0 守20.0 被予想:Focus Punch/Dragon Pulse 0.0〜53.2% 次速度不明 [143 vs 88〜143]) / Arcanine=-124.4 (攻19.6 守-25.0 被Surf 58.7〜109.0% 確定で倒れる危険 終了-12.5 いかく 次先+15 [161 vs 88〜143])
p2 技評価: Giga Drain 推定61.3〜133.8% 評価100.2【推定確定1発】【公開情報から構成候補を推定】【速度関係不明で予想:Ice Beam/Double-EdgeのKO危険】【吸収】【交代読み:Venusaur】 / Sludge Bomb 推定24.2〜53.2% 評価27.1【推定急所】【公開情報から構成候補を推定】【速度関係不明で予想:Ice Beam/Double-EdgeのKO危険】【どく】
p2: move 1
p2 能力変化: atk -1 → -1
p2 公開技記憶: Venusaur → Giga Drain
p1 相手公開技: Venusaur [Sludge Bomb, Giga Drain]
p1 素早さ推定: Arcanine 161 / Venusaur 145〜217 → 速度関係不明（観測1回反映）
p1 現在対面の被ダメ推定: Sludge Bomb 32.9〜61.1%【公開情報から構成候補を推定】
p1 交代候補: Venusaur=-40.6 (攻41.1 守0.0 被Sludge Bomb 29.3〜54.1% 倒れる可能性 次速度不明 [145 vs 145〜145]) / Blastoise=-108.1 (攻18.6 守-25.0 被Giga Drain 47.4〜88.5% 倒れる可能性 次後-15 [143 vs 145〜145])
p1 技評価: Flamethrower 推定51.3〜109.7% 評価65.2【推定確定1発】【公開情報から構成候補を推定】【速度関係不明でSludge BombのKO危険】【やけど】【交代読み:Arcanine】
p1: move 1
p2 相手公開技: Arcanine [Flamethrower]
p2 素早さ推定: Venusaur 145 / Arcanine 161〜241 → 相手が確実に速い（観測1回反映）
p2 現在対面の被ダメ推定: Flamethrower 58.6〜108.3%【公開情報から構成候補を推定】
p2 交代候補: Blastoise=47.7 (攻82.9 守20.0 被予想:Close Combat/Hyper Voice 0.0〜51.3% 次後-15 [143 vs 161〜161]) / Arcanine=-30.2 (攻22.8 守20.0 被予想:Scorching Sands/Close Combat 0.0〜63.5% 終了-12.5 いかく+3 次速度不明 [161 vs 161〜161])
p2 自主交代判断: Venusaur → Blastoise
p2: switch 3
p1 相手公開技: Blastoise [Surf]
p1 素早さ推定: Arcanine 161 / Blastoise 143〜214 → 速度関係不明（観測1回反映）
p1 現在対面の被ダメ推定: Surf 58.7〜109.0%【公開情報から構成候補を推定】
p1 交代候補: Venusaur=46.5 (攻94.1 守20.0 被予想:Ice Beam/Double-Edge 0.0〜65.0% 次先+15 [145 vs 143〜143]) / Blastoise=3.6 (攻18.0 守20.0 被予想:Focus Punch/Dragon Pulse 0.0〜53.2% 次速度不明 [143 vs 143〜143])
p1 自主交代判断: Arcanine → Venusaur
p1: switch 3
p2 相手公開技: Arcanine [Flamethrower]
p2 素早さ推定: Blastoise 143 / Arcanine 161〜241 → 相手が確実に速い（観測1回反映）
p2 技評価: Surf 推定49.7〜112.7% 評価88.9【命中時1発】【公開情報から構成候補を推定】【交代読み:Venusaur】
p2: move 1
p1 相手公開技: Blastoise [Surf]
p1 素早さ推定: Venusaur 145 / Blastoise 143〜214 → 速度関係不明（観測1回反映）
p1 現在対面の被ダメ推定: 予想:Ice Beam/Double-Edge 0.0〜65.0%【公開技を含む4技構成の候補から推定】
p1 交代候補: Blastoise=3.6 (攻18.0 守20.0 被予想:Focus Punch/Dragon Pulse 0.0〜53.2% 次速度不明 [143 vs 143〜143]) / Arcanine=-112.7 (攻19.6 守-25.0 被Surf 58.7〜109.0% 確定で倒れる危険 いかく 次先+15 [161 vs 143〜143])
p1 技評価: Giga Drain 推定41.9〜89.6% 評価52.1【推定乱数1発】【公開情報から構成候補を推定】【速度関係不明で予想:Ice Beam/Double-EdgeのKO危険】【吸収】【交代読み:Venusaur】 / Sludge Bomb 推定24.2〜53.2% 評価27.1【推定急所】【公開情報から構成候補を推定】【速度関係不明で予想:Ice Beam/Double-EdgeのKO危険】【どく】 / Protect 推定0.0〜0.0% 評価6.0【相手の予想:Ice Beam/Double-Edgeが先に乱数KOするためまもる】 / Sleep Powder 推定0.0〜0.0% 評価4.1【速度関係不明で予想:Ice Beam/Double-EdgeのKO危険】【ねむりで次の予想:Ice Beam/Double-Edgeを回避 命中75% / 構成候補の無効化を考慮100%】
p1: move 1
p2 相手公開技: Venusaur [Sludge Bomb]
p2 素早さ推定: Blastoise 143 / Venusaur 90〜217 → 速度関係不明
p2 現在対面の被ダメ推定: 予想:Petal Dance/Power Whip 0.0〜138.5%【公開技を含む4技構成の候補から推定】
p2 交代候補: Venusaur=-42.4 (攻41.1 守0.0 被Sludge Bomb 29.3〜54.1% 倒れる可能性 次速度不明 [145 vs 90〜145]) / Arcanine=-65.0 (攻82.2 守0.0 被Sludge Bomb 32.9〜61.1% 確定で倒れる危険 終了-12.5 いかく 次先+15 [161 vs 90〜145])
p2 技評価: Surf 推定11.2〜25.2% 評価-0.4【推定急所】【公開情報から構成候補を推定】【速度関係不明で予想:Petal Dance/Power WhipのKO危険】
p2: move 1
p1 公開技記憶: Venusaur → Giga Drain
p2 強制交代候補: Arcanine=-18.8 (攻82.2 守0.0 被Sludge Bomb 32.9〜61.1% 確定で倒れる危険 終了-12.5 いかく 次先+15 [161 vs 90〜145]) / Venusaur=-19.8 (攻41.1 守0.0 被Sludge Bomb 29.3〜54.1% 倒れる可能性 次速度不明 [145 vs 90〜145])
p2 強制交代判断: Arcanine
p2: switch 2
p1 能力変化: atk -1 → -1
p1 相手公開技: Arcanine [Flamethrower]
p1 素早さ推定: Venusaur 145 / Arcanine 103〜241 → 速度関係不明
p1 現在対面の被ダメ推定: Flamethrower 58.6〜108.3%【公開情報から構成候補を推定】
p1 交代候補: Blastoise=38.3 (攻82.9 守20.0 被予想:Close Combat/Hyper Voice 0.0〜51.3% 次速度不明 [143 vs 103〜161]) / Arcanine=-11.0 (攻22.8 守20.0 被予想:Scorching Sands/Close Combat 0.0〜63.5% いかく+3 次速度不明 [161 vs 103〜161])
p1 自主交代判断: Venusaur → Blastoise
p1: switch 2
p2 相手公開技: Venusaur [Sludge Bomb, Giga Drain]
p2 素早さ推定: Arcanine 161 / Venusaur 90〜217 → 速度関係不明
p2 ターン終了: どく 点数-12.5
p2 現在対面の被ダメ推定: Sludge Bomb 32.9〜61.1%【公開情報から構成候補を推定】
p2 交代候補: Venusaur=-42.4 (攻41.1 守0.0 被Sludge Bomb 29.3〜54.1% 倒れる可能性 次速度不明 [145 vs 90〜145])
p2 技評価: Flamethrower 推定51.3〜109.7% 評価-38.6【推定乱数1発】【公開情報から構成候補を推定】【速度関係不明でSludge BombのKO危険】【やけど】【交代読み:Blastoise】
p2: move 1
p2 強制交代候補: Venusaur=57.1 (攻86.9 守20.0 被予想:Ice Beam/Double-Edge 0.0〜65.0% 次先+15 [145 vs 88〜143])
p2 強制交代判断: Venusaur
p2: switch 3
p1 相手公開技: Venusaur [Sludge Bomb, Giga Drain]
p1 素早さ推定: Blastoise 143 / Venusaur 145〜217 → 相手が確実に速い（観測1回反映）
p1 現在対面の被ダメ推定: Giga Drain 47.4〜88.5%【公開情報から構成候補を推定】
p1 交代候補: Venusaur=-16.4 (攻41.1 守0.0 被Sludge Bomb 29.3〜54.1% 次速度不明 [145 vs 145〜145]) / Arcanine=-19.5 (攻82.2 守0.0 被Sludge Bomb 32.9〜61.1% 倒れる可能性 いかく 次先+15 [161 vs 145〜145])
p1 技評価: Surf 推定11.2〜25.2% 評価-151.4【公開情報から構成候補を推定】【相手のGiga Drainが先に確定KO推定】 / Rain Dance 推定0.0〜0.0% 評価-160.2【相手のGiga Drainが先に確定KO推定】【雨展開価値 攻+9.3 防+0.0 約5ターン】
p1: move 1
p2 相手公開技: Blastoise [Surf]
p2 素早さ推定: Venusaur 145 / Blastoise 88〜214 → 速度関係不明
p2 現在対面の被ダメ推定: 予想:Ice Beam/Double-Edge 0.0〜65.0%【公開技を含む4技構成の候補から推定】
p2 技評価: Giga Drain 推定41.9〜89.6% 評価71.8【推定確定1発】【公開情報から構成候補を推定】【速度関係不明で予想:Ice Beam/Double-EdgeのKO危険】【吸収】【交代読み:Venusaur】 / Sludge Bomb 推定24.2〜53.2% 評価65.1【推定乱数1発】【公開情報から構成候補を推定】【速度関係不明で予想:Ice Beam/Double-EdgeのKO危険】【どく】
p2: move 1
p1 強制交代候補: Venusaur=11.3 (攻41.1 守0.0 被Sludge Bomb 29.3〜54.1% 次速度不明 [145 vs 145〜145]) / Arcanine=6.7 (攻82.2 守0.0 被Sludge Bomb 32.9〜61.1% 倒れる可能性 いかく 次先+15 [161 vs 145〜145])
p1 強制交代判断: Venusaur
p1: switch 2
p1 相手公開技: Venusaur [Sludge Bomb, Giga Drain]
p1 素早さ推定: Venusaur 145 / Venusaur 145〜217 → 速度関係不明（観測1回反映）
p1 技評価: Sludge Bomb 推定25.7〜54.8% 評価43.1【推定急所】【公開情報から構成候補を推定】 / Giga Drain 推定5.3〜11.6% 評価13.2【公開情報から構成候補を推定】【吸収】 / Protect 推定0.0〜0.0% 評価10.0【先に倒される危険なし】 / Sleep Powder 推定0.0〜0.0% 評価-100.0【タイプなどで無効】
p1: move 2
p2 相手公開技: Venusaur [Sludge Bomb, Giga Drain]
p2 素早さ推定: Venusaur 145 / Venusaur 90〜217 → 速度関係不明
p2 技評価: Sludge Bomb 推定25.7〜54.8% 評価43.1【推定急所】【公開情報から構成候補を推定】 / Giga Drain 推定5.3〜11.6% 評価13.2【公開情報から構成候補を推定】【吸収】
p2: move 2
p1 素早さ観測: Venusaur 145〜145（Venusaurが先 / 絞り込みなし）
p2 素早さ観測: Venusaur 90〜145（Venusaurが先 / 絞り込みなし）
p1 相手公開技: Venusaur [Sludge Bomb, Giga Drain]
p1 素早さ推定: Venusaur 145 / Venusaur 145〜217 → 速度関係不明（観測1回反映）
p1 現在対面の被ダメ推定: Sludge Bomb 29.3〜54.1%【公開情報から構成候補を推定】
p1 交代候補: Arcanine=-19.5 (攻82.2 守0.0 被Sludge Bomb 32.9〜61.1% 倒れる可能性 いかく 次先+15 [161 vs 145〜145])
p1 技評価: Sludge Bomb 推定25.7〜54.8% 評価31.1【推定確定1発】【公開情報から構成候補を推定】【速度関係不明でSludge BombのKO危険】 / Protect 推定0.0〜0.0% 評価31.0【相手のSludge Bombが先に確定KOするためまもる】 / Giga Drain 推定7.5〜16.8% 評価-69.2【推定急所】【公開情報から構成候補を推定】【速度関係不明でSludge BombのKO危険】【吸収】 / Sleep Powder 推定0.0〜0.0% 評価-190.0【速度関係不明でSludge BombのKO危険】【タイプなどで無効】
p1: move 2
p2 相手公開技: Venusaur [Sludge Bomb, Giga Drain]
p2 素早さ推定: Venusaur 145 / Venusaur 90〜217 → 速度関係不明
p2 現在対面の被ダメ推定: Sludge Bomb 29.3〜54.1%【公開情報から構成候補を推定】
p2 技評価: Sludge Bomb 推定25.7〜54.8% 評価31.1【推定確定1発】【公開情報から構成候補を推定】【速度関係不明でSludge BombのKO危険】 / Giga Drain 推定7.5〜16.8% 評価-31.5【推定乱数1発】【公開情報から構成候補を推定】【速度関係不明でSludge BombのKO危険】【吸収】
p2: move 2
p1 強制交代候補: Arcanine=6.7 (攻82.2 守0.0 被Sludge Bomb 32.9〜61.1% 倒れる可能性 いかく 次先+15 [161 vs 145〜145])
p1 強制交代判断: Arcanine
p1: switch 3
p2 能力変化: atk -1 → -1
p1 相手公開技: Venusaur [Sludge Bomb, Giga Drain]
p1 素早さ推定: Arcanine 161 / Venusaur 145〜217 → 速度関係不明（観測1回反映）
p1 現在対面の被ダメ推定: Sludge Bomb 32.9〜61.1%【公開情報から構成候補を推定】
p1 技評価: Flamethrower 推定51.3〜109.7% 評価130.0【推定確定1発】【公開情報から構成候補を推定】【速度関係不明でSludge BombのKO危険】【やけど】
p1: move 1
p2 相手公開技: Arcanine [Flamethrower]
p2 素早さ推定: Venusaur 145 / Arcanine 161〜241 → 相手が確実に速い（観測1回反映）
p2 現在対面の被ダメ推定: Flamethrower 58.6〜108.3%【公開情報から構成候補を推定】
p2 現在能力: atk-1
p2 技評価: Sludge Bomb 推定27.4〜61.8% 評価9.1【推定乱数1発】【公開情報から構成候補を推定】【相手のFlamethrowerが先に乱数KO推定】【どく】 / Giga Drain 推定16.8〜38.2% 評価-34.2【推定急所】【公開情報から構成候補を推定】【相手のFlamethrowerが先に乱数KO推定】【吸収】
p2: move 2

=== 対戦終了 ===
勝者: AI-1
ターン数: 22
