✔ 残件: シングルで使えない6技は未対応扱いせず失敗として除外する (412.3806ms)
✔ 残件: へんしんは公開4技・能力・ランクをコピーし変身済みとみがわりには失敗する (54.1482ms)
✔ 残件: うらみは最後の技の推定PPを削り、技履歴なしでは失敗する (35.2416ms)
✔ 残件: ロックオンは低命中技の次の命中を上げ、必中技のみでは加点しない (82.4656ms)
✔ 残件: しんぴのまもりは相手の状態異常技とすりぬけを区別する (46.2927ms)
✔ 残件: のみこむは公開されたたくわえの1・2・3回と実回復上限を使う (63.48ms)
✔ 残件: いちゃもんとふういんは相手の使える攻撃を減らした分だけ評価する (34.7165ms)
✔ 残件: リサイクルは消費した物だけ回収し、奪われた持ち物は回収しない (61.9341ms)
✔ 残件: いやしのねがいは控えなしでは失敗し、本人の犠牲と控えの回復を比較する (71.862ms)
✔ 残件: まねっこは直前の公開技を自分の能力で評価し禁止技を呼ばない (31.7963ms)
✔ 残件: ワイドガードは範囲技だけ、ファストガードは先制技だけ防ぐ (39.8702ms)
✔ 残件: いやしのはどうはシングルの相手を回復する不利益と回復上限を反映する (52.7008ms)
✔ 残件: そうでんは先手の対面変化を評価し、後手なら加点しない (26.3604ms)
✔ 残件: フェアリーロックとくらいつくは双方の交代を止める損益を比較する (40.7744ms)
✔ 残件: じばそうさはプラス・マイナスだけ防御を上げる (40.5407ms)
✔ 残件: おちゃかいは双方のきのみの実効果と何も食べられない場合を区別する (59.3598ms)
✔ 残件: さいはいは相手の直前技をもう一度動かす不利益と禁止技を反映する (38.0755ms)
✔ 残件: 公開ログだけからPP使用・追加減少・消費品・たくわえ・ターン内上昇を保持する (33.0376ms)
✔ 残件: とどめばりは倒せた場合のみ上昇し、失敗・無効では加点しない (743.2724ms)
✔ 残件: かふんだんごはシングルの相手に攻撃し味方回復を加点しない (25.6947ms)
✔ 残件: シェルアームズは物理・特殊の選択が実行エンジンと一致する (28.7102ms)
✔ 残件: シェルアームズの物理側だけゴツゴツメットを考慮する (48.3535ms)
✔ 残件: しっとのほのおとみわくのボイスは公開された当ターン上昇で発動する (25.3375ms)
✔ 残件: 条件付き追加効果は先に動く相手の積み技とランク上限を考慮する (23.4703ms)
✔ 残件: ぶきみなじゅもんは最後の技のPP減少を評価しマント・履歴なしでは加点しない (25.5654ms)
✔ 残件: 31技の対応分類と実行評価は未対応の理由を返さない (223.7185ms)
✔ 残件: 新しい効果評価は相手の非公開技・PP・持ち物・能力を読み込まない (25.7045ms)
✔ 残件: 公開PPが尽きた技を行動候補から除き、ヒメリの回復後は戻す (19.7935ms)
✔ 残件: 条件付き追加効果は相手の睡眠・まひによる行動不能も織り込む (24.8953ms)
✔ 残件: p2側でも消費品とたくわえを公開ログから評価する (29.8873ms)
ℹ tests 30
ℹ suites 0
ℹ pass 30
ℹ fail 0
ℹ cancelled 0
ℹ skipped 0
ℹ todo 0
ℹ duration_ms 2624.5049
