✔ 未公開重大技は合法な習得技だけを含み、公開4技・ちょうはつ・PP・固定技を尊重する (594.6813ms)
✔ 重大技の仮説は公開技を残す4技のコピーで、既存の構成を書き換えない (47.2995ms)
✔ 未公開の致命傷は独立した破綻として検出し、まもるで軽減する (105.2169ms)
✔ 効果のない状態異常と即時解除された状態異常は重大技に数えない (119.5987ms)
✔ 重大技の評価は公開状態・構成・requestを変更せず、私有相手情報も読まない (63.2506ms)
✔ 平均とは別の重大な未公開攻撃だけで、明確に安全なまもるへ変更する (1246.8219ms)
✔ 小さな不利と通常スコアの大きな利益は、未公開技だけで攻撃を捨てない (1466.9609ms)
✔ 先手・必中・確定KOの攻撃は重大技の評価で捨てず、最小ダメージ不足・命中不足は確定扱いしない (1373.7021ms)
✔ 未公開候補の習得数を増やしても、重大な一手の不利は薄まらない (316.8661ms)
✔ 重大な一手の直後評価はp1・p2で対称になり、連続攻撃の分岐でも公開状態を保存する (52.2317ms)
✔ 未公開のふいうちは攻撃を選んだ時に成功し、まもる・変化技へは失敗する (29.5655ms)
✔ 候補点検: 特殊な積み・行動制限・攻撃の追加効果を分類し、通常防御を重大技にしない (23.3604ms)
✔ 候補点検: 追加効果の枝は実際の発動率を一度だけ掛ける (40.063ms)
✔ 全攻撃比較: 最良技では倒される対面で、低順位の先制攻撃を選び、無駄にまもるへ逃げない (776.6128ms)
✔ 追加効果の再現: てんのめぐみの発動率と、せいしんりょくのひるみ防止を直後に反映する (53.7827ms)
✔ 全攻撃比較: 失敗する攻撃を代替に入れず、元の技スロットを維持する (823.5734ms)
✔ 比較対戦の再現: 重力・回復封じ・じごくづきで使用中止になる攻撃の予想は0になり、再計算で落ちない (26.2906ms)
✔ 基準検証: 大きな不利・改善幅・通常の利益・逃げ先の破綻を独立して判定する (25.6797ms)
✔ 基準検証: 設定変更はキャッシュを分け、評価無効時には通常判断へ戻る (1735.924ms)
✔ 評価修正: 未公開かちきの候補でも能力下降の危険を評価し、公開後は候補を確定する (70.5242ms)
✔ 相手の未公開特性を決めつけず、公開後だけ無効化する (24.1677ms)
✔ ふいうちの未公開枠は成功を確定せず、公開情報に応じて成功見込みを変える (28.4684ms)
✔ 反撃技は相手が外す可能性を加味し、未公開技の推定を確定KOにしない (30.6248ms)
✔ 未公開の無効化特性は候補として重み付けし、公開後は実エンジンと同じ無効になる (37.9884ms)
✔ 未公開のふゆうも接地判定に反映し、サイコフィールドの先制技を候補ごとに判定する (28.7442ms)
✔ 未公開のタスキ・スカーフを候補に含め、公開後はダメージ・速度の幅を絞る (38.5041ms)
ℹ tests 26
ℹ suites 0
ℹ pass 26
ℹ fail 0
ℹ cancelled 0
ℹ skipped 0
ℹ todo 0
ℹ duration_ms 9424.1542
