p1 選出候補: [Venusaur / Blastoise / Arcanine]=259.2 | [Venusaur / Blastoise / Charizard]=211.8 | [Blastoise / Gengar / Arcanine]=162.0
p1 選出判断: Arcanine → Blastoise → Venusaur (team 532)
p1: team 532
p2 選出候補: [Arcanine / Blastoise / Venusaur]=259.2 | [Charizard / Blastoise / Venusaur]=211.8 | [Arcanine / Blastoise / Steelix]=180.6
p2 選出判断: Arcanine → Blastoise → Venusaur (team 245)
p2: team 245
p1 特性公開: Intimidate
p2 能力変化: atk -1 → -1
p2 特性公開: Intimidate
p1 能力変化: atk -1 → -1
p1 素早さ推定: Arcanine 161 / Arcanine 103〜161 → 速度関係不明
p1 現在対面の被ダメ推定: 予想:Scorching Sands/Hyper Beam/Dig 34.7〜63.5%
p1 交代候補: Blastoise=38.6 (攻82.9 守20.0 被予想:Solar Beam/Wild Charge/Hyper Beam 50.0〜92.3% 次速度不明 [143 vs 103〜161]) / Venusaur=-96.6 (攻45.5 守-25.0 被予想:Burn Up/Overheat/Flare Blitz 85.4〜154.1% 次速度不明 [145 vs 103〜161])
p1 自主交代判断: Arcanine → Blastoise
p1: switch 2
p2 素早さ推定: Arcanine 161 / Arcanine 103〜161 → 速度関係不明
p2 現在対面の被ダメ推定: 予想:Scorching Sands/Hyper Beam/Dig 34.7〜63.5%
p2 交代候補: Blastoise=38.6 (攻82.9 守20.0 被予想:Solar Beam/Wild Charge/Hyper Beam 50.0〜92.3% 次速度不明 [143 vs 103〜161]) / Venusaur=-96.6 (攻45.5 守-25.0 被予想:Burn Up/Overheat/Flare Blitz 85.4〜154.1% 次速度不明 [145 vs 103〜161])
p2 自主交代判断: Arcanine → Blastoise
p2: switch 2
p1 素早さ推定: Blastoise 143 / Blastoise 88〜143 → 速度関係不明
p1 現在対面の被ダメ推定: 予想:Focus Punch/Giga Impact/Hyper Beam 28.2〜53.2%
p1 交代候補: Venusaur=85.0 (攻101.5 守20.0 被予想:Ice Spinner/Ice Beam/Ice Punch 35.7〜66.2% 次先+15 [145 vs 88〜143]) / Arcanine=-110.8 (攻19.6 守-25.0 被予想:Water Spout/Hydro Cannon/Surf 97.0〜180.8% いかく 次先+15 [161 vs 88〜143])
p1 自主交代判断: Blastoise → Venusaur
p1: switch 3
p2 素早さ推定: Blastoise 143 / Blastoise 88〜143 → 速度関係不明
p2 現在対面の被ダメ推定: 予想:Focus Punch/Giga Impact/Hyper Beam 28.2〜53.2%
p2 交代候補: Venusaur=85.0 (攻101.5 守20.0 被予想:Ice Spinner/Ice Beam/Ice Punch 35.7〜66.2% 次先+15 [145 vs 88〜143]) / Arcanine=-110.8 (攻19.6 守-25.0 被予想:Water Spout/Hydro Cannon/Surf 97.0〜180.8% いかく 次先+15 [161 vs 88〜143])
p2 自主交代判断: Blastoise → Venusaur
p2: switch 3
p1 素早さ推定: Venusaur 145 / Venusaur 90〜145 → 速度関係不明
p1 現在対面の被ダメ推定: 予想:Sludge Wave/Giga Impact/Sludge Bomb 31.2〜57.3%
p1 交代候補: Arcanine=49.0 (攻82.2 守0.0 被予想:Earth Power/Sludge Wave/Sludge Bomb 44.3〜81.4% いかく 次先+15 [161 vs 90〜145]) / Blastoise=-126.1 (攻18.6 守-25.0 被予想:Frenzy Plant/Solar Beam/Petal Dance 96.2〜173.1% 次速度不明 [143 vs 90〜145])
p1 技評価: Sludge Bomb 推定25.7〜54.8% 評価48.3【どく】 / Giga Drain 推定5.3〜11.6% 評価13.1【吸収】 / Protect 推定0.0〜0.0% 評価10.0【先に倒される危険なし】 / Sleep Powder 推定0.0〜0.0% 評価-100.0【粉技無効】
p1: move 2
p2 素早さ推定: Venusaur 145 / Venusaur 90〜145 → 速度関係不明
p2 現在対面の被ダメ推定: 予想:Sludge Wave/Giga Impact/Sludge Bomb 31.2〜57.3%
p2 交代候補: Arcanine=49.0 (攻82.2 守0.0 被予想:Earth Power/Sludge Wave/Sludge Bomb 44.3〜81.4% いかく 次先+15 [161 vs 90〜145]) / Blastoise=-126.1 (攻18.6 守-25.0 被予想:Frenzy Plant/Solar Beam/Petal Dance 96.2〜173.1% 次速度不明 [143 vs 90〜145])
p2 技評価: Sludge Bomb 推定25.7〜54.8% 評価48.3【どく】 / Giga Drain 推定5.3〜11.6% 評価13.1【吸収】
p2: move 2
p1 公開技記憶: Venusaur → Sludge Bomb
p1 素早さ観測: Venusaur 90〜145（Venusaurが先 / 絞り込みなし）
p2 素早さ学習: Venusaur 90〜145 → 145〜145（Venusaurが先）
p2 公開技記憶: Venusaur → Sludge Bomb
p1 相手公開技: Venusaur [Sludge Bomb]
p1 素早さ推定: Venusaur 145 / Venusaur 90〜145 → 速度関係不明
p1 技評価: Sludge Bomb 推定25.7〜54.8% 評価14.3【どく】【交代読み:Steelix無効】 / Giga Drain 推定5.3〜11.6% 評価13.1【吸収】 / Protect 推定0.0〜0.0% 評価10.0【先に倒される危険なし】 / Sleep Powder 推定0.0〜0.0% 評価-100.0【粉技無効】
p1: move 2
p2 相手公開技: Venusaur [Sludge Bomb]
p2 素早さ推定: Venusaur 145 / Venusaur 145〜145 → 速度関係不明（観測1回反映）
p2 技評価: Sludge Bomb 推定25.7〜54.8% 評価14.3【どく】【交代読み:Steelix無効】 / Giga Drain 推定5.3〜11.6% 評価13.1【吸収】
p2: move 2
p1 素早さ学習: Venusaur 90〜145 → 145〜145（Venusaurが先）
p2 素早さ観測: Venusaur 145〜145（Venusaurが先 / 絞り込みなし）
p1 相手公開技: Venusaur [Sludge Bomb]
p1 素早さ推定: Venusaur 145 / Venusaur 145〜145 → 速度関係不明（観測1回反映）
p1 現在対面の被ダメ推定: Sludge Bomb 29.3〜54.1%
p1 交代候補: Arcanine=49.1 (攻82.2 守0.0 被予想:Earth Power/Sludge Wave/Hyper Beam 35.4〜65.1% いかく+1 次先+15 [161 vs 145〜145]) / Blastoise=-117.2 (攻18.6 守-25.0 被予想:Frenzy Plant/Solar Beam/Petal Dance 76.9〜138.5% 次後-15 [143 vs 145〜145])
p1 自主交代判断: Venusaur → Arcanine
p1: switch 2
p2 相手公開技: Venusaur [Sludge Bomb]
p2 素早さ推定: Venusaur 145 / Venusaur 145〜145 → 速度関係不明（観測1回反映）
p2 現在対面の被ダメ推定: Sludge Bomb 29.3〜54.1%
p2 交代候補: Arcanine=49.1 (攻82.2 守0.0 被予想:Earth Power/Sludge Wave/Hyper Beam 35.4〜65.1% いかく+1 次先+15 [161 vs 145〜145]) / Blastoise=-117.2 (攻18.6 守-25.0 被予想:Frenzy Plant/Solar Beam/Petal Dance 76.9〜138.5% 次後-15 [143 vs 145〜145])
p2 自主交代判断: Venusaur → Arcanine
p2: switch 2
p1 能力変化: atk -1 → -1
p2 能力変化: atk -1 → -1
p1 素早さ推定: Arcanine 161 / Arcanine 103〜161 → 速度関係不明
p1 現在対面の被ダメ推定: 予想:Scorching Sands/Hyper Beam/Dig 34.7〜63.5%
p1 交代候補: Blastoise=38.6 (攻82.9 守20.0 被予想:Solar Beam/Wild Charge/Hyper Beam 50.0〜92.3% 次速度不明 [143 vs 103〜161]) / Venusaur=-112.0 (攻45.5 守-25.0 被予想:Burn Up/Overheat/Flare Blitz 85.4〜154.1% 次速度不明 [145 vs 103〜161])
p1 自主交代判断: Arcanine → Blastoise
p1: switch 3
p2 素早さ推定: Arcanine 161 / Arcanine 103〜161 → 速度関係不明
p2 現在対面の被ダメ推定: 予想:Dig/Giga Impact/Scorching Sands 43.1〜76.6%
p2 交代候補: Blastoise=35.4 (攻82.9 守20.0 被予想:Solar Beam/Wild Charge/Giga Impact 50.0〜92.3% 次速度不明 [143 vs 103〜161]) / Venusaur=-132.3 (攻45.5 守-25.0 被予想:Flare Blitz/Raging Fury/Burn Up 96.8〜177.1% 次速度不明 [145 vs 103〜161])
p2 自主交代判断: Arcanine → Blastoise
p2: switch 3
p1 素早さ推定: Blastoise 143 / Blastoise 88〜143 → 速度関係不明
p1 現在対面の被ダメ推定: 予想:Focus Punch/Giga Impact/Hyper Beam 28.2〜53.2%
p1 交代候補: Venusaur=6.1 (攻150.5 守20.0 被予想:Ice Spinner/Ice Beam/Ice Punch 35.7〜66.2% 次先+15 [145 vs 88〜143]) / Arcanine=-110.8 (攻19.6 守-25.0 被予想:Water Spout/Hydro Cannon/Surf 97.0〜180.8% いかく 次先+15 [161 vs 88〜143])
p1 技評価: Surf 推定11.3〜24.0% 評価18.0 / Rain Dance 推定0.0〜0.0% 評価13.7【雨展開価値 攻+8.8 防+0.0 約5ターン】
p1: move 1
p2 素早さ推定: Blastoise 143 / Blastoise 88〜143 → 速度関係不明
p2 現在対面の被ダメ推定: 予想:Focus Punch/Giga Impact/Hyper Beam 28.2〜53.2%
p2 交代候補: Venusaur=6.1 (攻150.5 守20.0 被予想:Ice Spinner/Ice Beam/Ice Punch 35.7〜66.2% 次先+15 [145 vs 88〜143]) / Arcanine=-110.8 (攻19.6 守-25.0 被予想:Water Spout/Hydro Cannon/Surf 97.0〜180.8% いかく 次先+15 [161 vs 88〜143])
p2 技評価: Surf 推定11.3〜24.0% 評価18.0
p2: move 1
p1 公開技記憶: Blastoise → Surf
p1 素早さ観測: Blastoise 88〜143（Blastoiseが先 / 絞り込みなし）
p2 素早さ学習: Blastoise 88〜143 → 143〜143（Blastoiseが先）
p2 公開技記憶: Blastoise → Surf
p1 相手公開技: Blastoise [Surf]
p1 素早さ推定: Blastoise 143 / Blastoise 88〜143 → 速度関係不明
p1 現在対面の被ダメ推定: 予想:Focus Punch/Giga Impact/Hyper Beam 22.6〜42.6%
p1 交代候補: Venusaur=16.4 (攻150.5 守20.0 被予想:Ice Spinner/Ice Beam/Ice Punch 28.5〜53.0% 次先+15 [145 vs 88〜143]) / Arcanine=-86.3 (攻19.6 守-25.0 被予想:Hydro Cannon/Water Spout/Hydro Pump 77.6〜144.7% いかく+3 次先+15 [161 vs 88〜143])
p1 技評価: Surf 推定11.3〜24.0% 評価18.0 / Rain Dance 推定0.0〜0.0% 評価8.7【雨展開価値 攻+8.8 防-9.2 約5ターン】
p1: move 1
p2 相手公開技: Blastoise [Surf]
p2 素早さ推定: Blastoise 143 / Blastoise 143〜143 → 速度関係不明（観測1回反映）
p2 現在対面の被ダメ推定: 予想:Focus Punch/Giga Impact/Hyper Beam 22.6〜42.6%
p2 交代候補: Venusaur=16.4 (攻150.5 守20.0 被予想:Ice Spinner/Ice Beam/Ice Punch 28.5〜53.0% 次先+15 [145 vs 143〜143]) / Arcanine=-85.9 (攻19.6 守-25.0 被予想:Hydro Cannon/Water Spout/Hydro Pump 77.6〜144.7% いかく+3 次先+15 [161 vs 143〜143])
p2 技評価: Surf 推定11.3〜24.0% 評価18.0
p2: move 1
p1 素早さ学習: Blastoise 88〜143 → 143〜143（Blastoiseが先）
p2 素早さ観測: Blastoise 143〜143（Blastoiseが先 / 絞り込みなし）
p1 相手公開技: Blastoise [Surf]
p1 素早さ推定: Blastoise 143 / Blastoise 143〜143 → 速度関係不明（観測1回反映）
p1 現在対面の被ダメ推定: 予想:Focus Punch/Giga Impact/Hyper Beam 22.6〜42.6%
p1 交代候補: Venusaur=16.4 (攻150.5 守20.0 被予想:Ice Spinner/Ice Beam/Ice Punch 28.5〜53.0% 次先+15 [145 vs 143〜143]) / Arcanine=-83.1 (攻19.6 守-25.0 被予想:Hydro Cannon/Water Spout/Hydro Pump 77.6〜144.7% いかく+3 次先+15 [161 vs 143〜143])
p1 技評価: Surf 推定11.3〜24.0% 評価18.0 / Rain Dance 推定0.0〜0.0% 評価8.7【雨展開価値 攻+8.8 防-9.2 約5ターン】
p1: move 1
p2 相手公開技: Blastoise [Surf]
p2 素早さ推定: Blastoise 143 / Blastoise 143〜143 → 速度関係不明（観測1回反映）
p2 現在対面の被ダメ推定: 予想:Focus Punch/Giga Impact/Hyper Beam 22.6〜42.6%
p2 交代候補: Venusaur=16.4 (攻150.5 守20.0 被予想:Ice Spinner/Ice Beam/Ice Punch 28.5〜53.0% 次先+15 [145 vs 143〜143]) / Arcanine=-82.8 (攻19.6 守-25.0 被予想:Hydro Cannon/Hydro Pump/Water Spout 77.6〜144.7% いかく+3 次先+15 [161 vs 143〜143])
p2 技評価: Surf 推定11.3〜24.0% 評価18.0
p2: move 1
p1 素早さ観測: Blastoise 143〜143（Blastoiseが先 / 絞り込みなし）
p2 素早さ観測: Blastoise 143〜143（Blastoiseが先 / 絞り込みなし）
p1 相手公開技: Blastoise [Surf]
p1 素早さ推定: Blastoise 143 / Blastoise 143〜143 → 速度関係不明（観測1回反映）
p1 現在対面の被ダメ推定: 予想:Focus Punch/Giga Impact/Hyper Beam 22.6〜42.6%
p1 交代候補: Venusaur=16.4 (攻150.5 守20.0 被予想:Ice Spinner/Ice Beam/Ice Punch 28.5〜53.0% 次先+15 [145 vs 143〜143]) / Arcanine=-82.2 (攻19.6 守-25.0 被予想:Hydro Cannon/Hydro Pump/Wave Crash 77.6〜144.7% いかく+4 次先+15 [161 vs 143〜143])
p1 技評価: Surf 推定11.3〜24.0% 評価18.0 / Rain Dance 推定0.0〜0.0% 評価6.1【雨展開価値 攻+8.8 防-9.2 約5ターン】
p1: move 1
p2 相手公開技: Blastoise [Surf]
p2 素早さ推定: Blastoise 143 / Blastoise 143〜143 → 速度関係不明（観測1回反映）
p2 現在対面の被ダメ推定: 予想:Focus Punch/Giga Impact/Hyper Beam 22.6〜42.6%
p2 交代候補: Venusaur=16.4 (攻150.5 守20.0 被予想:Ice Spinner/Ice Beam/Ice Punch 28.5〜53.0% 次先+15 [145 vs 143〜143]) / Arcanine=-82.2 (攻19.6 守-25.0 被予想:Hydro Cannon/Hydro Pump/Wave Crash 77.6〜144.7% いかく+4 次先+15 [161 vs 143〜143])
p2 技評価: Surf 推定11.3〜24.0% 評価18.0
p2: move 1
p1 素早さ観測: Blastoise 143〜143（Blastoiseが先 / 絞り込みなし）
p2 素早さ観測: Blastoise 143〜143（Blastoiseが先 / 絞り込みなし）
p1 相手公開技: Blastoise [Surf]
p1 素早さ推定: Blastoise 143 / Blastoise 143〜143 → 速度関係不明（観測1回反映）
p1 現在対面の被ダメ推定: 予想:Focus Punch/Giga Impact/Hyper Beam 22.6〜42.6%
p1 交代候補: Venusaur=16.4 (攻150.5 守20.0 被予想:Ice Spinner/Ice Beam/Ice Punch 28.5〜53.0% 次先+15 [145 vs 143〜143]) / Arcanine=-82.2 (攻19.6 守-25.0 被予想:Hydro Cannon/Hydro Pump/Wave Crash 77.6〜144.7% いかく+4 次先+15 [161 vs 143〜143])
p1 技評価: Surf 推定16.1〜35.7% 評価71.5【推定確定1発】【速度関係不明でSurfのKO危険】 / Rain Dance 推定0.0〜0.0% 評価-29.7【速度関係不明でSurfのKO危険】【雨展開価値 攻+13.7 防-9.2 約5ターン】
p1: move 1
p2 相手公開技: Blastoise [Surf]
p2 素早さ推定: Blastoise 143 / Blastoise 143〜143 → 速度関係不明（観測1回反映）
p2 現在対面の被ダメ推定: 予想:Focus Punch/Giga Impact/Hyper Beam 22.6〜42.6%
p2 交代候補: Venusaur=16.4 (攻150.5 守20.0 被予想:Ice Spinner/Ice Beam/Ice Punch 28.5〜53.0% 次先+15 [145 vs 143〜143]) / Arcanine=-82.2 (攻19.6 守-25.0 被予想:Hydro Cannon/Hydro Pump/Wave Crash 77.6〜144.7% いかく+4 次先+15 [161 vs 143〜143])
p2 技評価: Surf 推定16.1〜35.7% 評価-23.5【推定乱数1発】【速度関係不明でSurfのKO危険】
p2: move 1
p1 強制交代候補: Venusaur=43.2 (攻150.5 守20.0 被予想:Ice Spinner/Ice Beam/Ice Punch 28.5〜53.0% 次先+15 [145 vs 143〜143]) / Arcanine=-22.5 (攻19.6 守-25.0 被予想:Hydro Cannon/Hydro Pump/Wave Crash 77.6〜144.7% いかく+1 次先+15 [161 vs 143〜143])
p1 強制交代判断: Venusaur
p1: switch 2
p1 相手公開技: Blastoise [Surf]
p1 素早さ推定: Venusaur 145 / Blastoise 143〜143 → 自分が確実に速い（観測1回反映）
p1 技評価: Giga Drain 推定61.3〜133.8% 評価114.6【推定確定1発】【吸収】【交代読み:Charizard】 / Sludge Bomb 推定24.2〜53.2% 評価60.2【推定確定1発】【どく】【交代読み:Steelix無効】 / Sleep Powder 推定0.0〜0.0% 評価30.9【ねむりで次の予想:Ice Spinner/Ice Beam/Ice Punchを回避 命中75%】 / Protect 推定0.0〜0.0% 評価10.0【先に倒される危険なし】
p1: move 1
p2 相手公開技: Venusaur [Sludge Bomb]
p2 素早さ推定: Blastoise 143 / Venusaur 145〜145 → 相手が確実に速い（観測1回反映）
p2 現在対面の被ダメ推定: 予想:Frenzy Plant/Solar Beam/Petal Dance 76.9〜138.5%
p2 交代候補: Arcanine=49.1 (攻82.2 守0.0 被予想:Earth Power/Sludge Wave/Hyper Beam 35.4〜65.1% いかく+1 次先+15 [161 vs 145〜145]) / Venusaur=-72.3 (攻41.1 守0.0 被Sludge Bomb 29.3〜54.1% 確定で倒れる危険 次速度不明 [145 vs 145〜145])
p2 自主交代判断: Blastoise → Arcanine
p2: switch 3
p1 能力変化: atk -1 → -1
p1 公開技記憶: Venusaur → Giga Drain
p1 素早さ推定: Venusaur 145 / Arcanine 103〜161 → 速度関係不明
p1 現在対面の被ダメ推定: 予想:Flare Blitz/Raging Fury/Burn Up 96.8〜177.1%
p1 交代候補: Arcanine=6.0 (攻22.8 守20.0 被予想:Scorching Sands/Hyper Beam/Dig 34.7〜63.5% いかく 次速度不明 [161 vs 103〜161])
p1 現在能力: atk-1
p1 技評価: Protect 推定0.0〜0.0% 評価56.0【相手の予想:Flare Blitz/Raging Fury/Burn Upが先に確定KOするためまもる】 / Sleep Powder 推定0.0〜0.0% 評価47.1【速度関係不明で予想:Flare Blitz/Raging Fury/Burn UpのKO危険】【ねむりで次の予想:Flare Blitz/Raging Fury/Burn Upを回避 命中75%】 / Giga Drain 推定16.8〜38.2% 評価-12.4【速度関係不明で予想:Flare Blitz/Raging Fury/Burn UpのKO危険】【吸収】 / Sludge Bomb 推定27.4〜61.8% 評価-39.0【速度関係不明で予想:Flare Blitz/Raging Fury/Burn UpのKO危険】【どく】【交代読み:Steelix無効】
p1: move 4
p2 相手公開技: Venusaur [Sludge Bomb, Giga Drain]
p2 素早さ推定: Arcanine 161 / Venusaur 145〜145 → 自分が確実に速い（観測1回反映）
p2 技評価: Flamethrower 推定51.3〜109.7% 評価95.2【推定確定1発】【やけど】【交代読み:Arcanine】
p2: move 1
p1 公開技記憶: Venusaur → Protect
p2 公開技記憶: Arcanine → Flamethrower
p1 相手公開技: Arcanine [Flamethrower]
p1 素早さ推定: Venusaur 145 / Arcanine 103〜161 → 速度関係不明
p1 現在対面の被ダメ推定: 予想:Flare Blitz/Raging Fury/Burn Up 77.5〜141.7%
p1 交代候補: Arcanine=3.8 (攻22.8 守20.0 被予想:Scorching Sands/Hyper Beam/Dig 27.8〜50.8% いかく+8 次速度不明 [161 vs 103〜161])
p1 現在能力: atk-1
p1 技評価: Sleep Powder 推定0.0〜0.0% 評価-7.5【速度関係不明でFlamethrowerのKO危険】【ねむりで次の予想:Flare Blitz/Raging Fury/Burn Upを回避 命中75%】 / Giga Drain 推定16.8〜38.2% 評価-46.4【速度関係不明でFlamethrowerのKO危険】【吸収】 / Protect 推定0.0〜0.0% 評価-50.0【前ターンもまもる系】 / Sludge Bomb 推定27.4〜61.8% 評価-73.0【速度関係不明でFlamethrowerのKO危険】【どく】【交代読み:Steelix無効】
p1: move 3
p2 相手公開技: Venusaur [Sludge Bomb, Giga Drain, Protect]
p2 素早さ推定: Arcanine 161 / Venusaur 145〜145 → 自分が確実に速い（観測1回反映）
p2 技評価: Flamethrower 推定51.3〜109.7% 評価95.2【推定確定1発】【やけど】【交代読み:Arcanine】
p2: move 1
p1 強制交代候補: Arcanine=29.1 (攻22.8 守20.0 被予想:Scorching Sands/Hyper Beam/Dig 27.8〜50.8% いかく+3 次速度不明 [161 vs 103〜161])
p1 強制交代判断: Arcanine
p1: switch 3
p2 能力変化: atk -1 → -1
p1 相手公開技: Arcanine [Flamethrower]
p1 素早さ推定: Arcanine 161 / Arcanine 103〜161 → 速度関係不明
p1 現在対面の被ダメ推定: 予想:Scorching Sands/Hyper Beam/Dig 27.8〜50.8%
p1 技評価: Flamethrower 推定13.7〜30.9% 評価28.4【やけど】
p1: move 1
p2 素早さ推定: Arcanine 161 / Arcanine 103〜161 → 速度関係不明
p2 現在対面の被ダメ推定: 予想:Dig/Giga Impact/Scorching Sands 43.1〜76.6%
p2 交代候補: Blastoise=-31.9 (攻122.7 守20.0 被予想:Solar Beam/Wild Charge/Giga Impact 50.0〜92.3% 次速度不明 [143 vs 103〜161]) / Venusaur=-132.3 (攻45.5 守-25.0 被予想:Flare Blitz/Raging Fury/Burn Up 96.8〜177.1% 次速度不明 [145 vs 103〜161])
p2 現在能力: atk-1
p2 技評価: Flamethrower 推定13.7〜30.9% 評価9.4【速度関係不明で予想:Dig/Giga Impact/Scorching SandsのKO危険】【やけど】
p2: move 1
p1 素早さ学習: Arcanine 103〜161 → 161〜161（Arcanineが先）
p2 素早さ観測: Arcanine 103〜161（Arcanineが先 / 絞り込みなし）
p1 公開技記憶: Arcanine → Flamethrower
p1 相手公開技: Arcanine [Flamethrower]
p1 素早さ推定: Arcanine 161 / Arcanine 161〜161 → 速度関係不明（観測1回反映）
p1 技評価: Flamethrower 推定13.7〜30.9% 評価30.4【やけど】
p1: move 1
p2 相手公開技: Arcanine [Flamethrower]
p2 素早さ推定: Arcanine 161 / Arcanine 103〜161 → 速度関係不明
p2 現在対面の被ダメ推定: 予想:Dig/Giga Impact/Scorching Sands 34.5〜61.3%
p2 交代候補: Blastoise=-18.4 (攻122.7 守20.0 被予想:Solar Beam/Wild Charge/Giga Impact 40.0〜73.8% 次速度不明 [143 vs 103〜161]) / Venusaur=-104.8 (攻45.5 守-25.0 被予想:Flare Blitz/Raging Fury/Burn Up 77.5〜141.7% 次速度不明 [145 vs 103〜161])
p2 現在能力: atk-1
p2 技評価: Flamethrower 推定13.7〜30.9% 評価10.4【速度関係不明で予想:Dig/Giga Impact/Scorching SandsのKO危険】【やけど】
p2: move 1
p1 素早さ観測: Arcanine 161〜161（Arcanineが先 / 絞り込みなし）
p2 素早さ観測: Arcanine 103〜161（Arcanineが先 / 絞り込みなし）
p1 相手公開技: Arcanine [Flamethrower]
p1 素早さ推定: Arcanine 161 / Arcanine 161〜161 → 速度関係不明（観測1回反映）
p1 現在対面の被ダメ推定: 予想:Scorching Sands/Hyper Beam/Dig 27.8〜50.8%
p1 技評価: Flamethrower 推定13.7〜30.9% 評価50.4【推定乱数1発】【速度関係不明で予想:Scorching Sands/Hyper Beam/DigのKO危険】【やけど】
p1: move 1
p2 相手公開技: Arcanine [Flamethrower]
p2 素早さ推定: Arcanine 161 / Arcanine 103〜161 → 速度関係不明
p2 現在対面の被ダメ推定: 予想:Dig/Giga Impact/Scorching Sands 34.5〜61.3%
p2 交代候補: Blastoise=-18.4 (攻122.7 守20.0 被予想:Solar Beam/Wild Charge/Giga Impact 40.0〜73.8% 次速度不明 [143 vs 103〜161]) / Venusaur=-104.8 (攻45.5 守-25.0 被予想:Flare Blitz/Raging Fury/Burn Up 77.5〜141.7% 次速度不明 [145 vs 103〜161])
p2 現在能力: atk-1
p2 技評価: Flamethrower 推定13.7〜30.9% 評価-16.6【速度関係不明で予想:Dig/Giga Impact/Scorching SandsのKO危険】【やけど】
p2: move 1
p2 強制交代候補: Blastoise=16.8 (攻122.7 守20.0 被予想:Solar Beam/Wild Charge/Giga Impact 40.0〜73.8% 次速度不明 [143 vs 103〜161]) / Venusaur=-33.4 (攻45.5 守-25.0 被予想:Flare Blitz/Raging Fury/Burn Up 77.5〜141.7% 次速度不明 [145 vs 103〜161])
p2 強制交代判断: Blastoise
p2: switch 3
p1 相手公開技: Blastoise [Surf]
p1 素早さ推定: Arcanine 161 / Blastoise 143〜143 → 自分が確実に速い（観測1回反映）
p1 技評価: Flamethrower 推定11.8〜26.6% 評価105.2【推定確定1発】【やけど】
p1: move 1
p2 相手公開技: Arcanine [Flamethrower]
p2 素早さ推定: Blastoise 143 / Arcanine 103〜161 → 速度関係不明
p2 現在対面の被ダメ推定: 予想:Solar Beam/Wild Charge/Giga Impact 40.0〜73.8%
p2 交代候補: Venusaur=-104.8 (攻45.5 守-25.0 被予想:Flare Blitz/Raging Fury/Burn Up 77.5〜141.7% 次速度不明 [145 vs 103〜161])
p2 技評価: Surf 推定73.1〜167.3% 評価46.5【推定確定1発】【速度関係不明でFlamethrowerのKO危険】【交代読み:Gengar】
p2: move 1
p2 強制交代候補: Venusaur=-33.4 (攻45.5 守-25.0 被予想:Flare Blitz/Raging Fury/Burn Up 77.5〜141.7% 次速度不明 [145 vs 103〜161])
p2 強制交代判断: Venusaur
p2: switch 2
p1 相手公開技: Venusaur [Sludge Bomb]
p1 素早さ推定: Arcanine 161 / Venusaur 145〜145 → 自分が確実に速い（観測1回反映）
p1 技評価: Flamethrower 推定51.3〜109.7% 評価95.2【推定確定1発】【やけど】【交代読み:Charizard】
p1: move 1
p2 相手公開技: Arcanine [Flamethrower]
p2 素早さ推定: Venusaur 145 / Arcanine 103〜161 → 速度関係不明
p2 現在対面の被ダメ推定: 予想:Flare Blitz/Raging Fury/Burn Up 77.5〜141.7%
p2 技評価: Sludge Bomb 推定27.4〜61.8% 評価-50.2【推定乱数1発】【速度関係不明でFlamethrowerのKO危険】【どく】【交代読み:Steelix無効】 / Giga Drain 推定16.8〜38.2% 評価-86.4【速度関係不明でFlamethrowerのKO危険】【吸収】【交代読み:Charizard】
p2: move 2

=== 対戦終了 ===
勝者: AI-1
ターン数: 19
